2025-05-31 21:26:54,850 - breathelytics - INFO - Model file found: D:\dave-workspace\breathelytics_clean\breathelytics\src\breathelytics-backend\respiratory_classifier.pkl
2025-05-31 21:26:54,852 - breathelytics - INFO - Required directories initialized
2025-05-31 21:26:54,852 - breathelytics - INFO - ==================================================
2025-05-31 21:26:54,852 - breathelytics - INFO - Starting Breathelytics Flask API
2025-05-31 21:26:54,852 - breathelytics - INFO - Version: 1.0.0
2025-05-31 21:26:54,853 - breathelytics - INFO - Environment: development
2025-05-31 21:26:54,853 - breathelytics - INFO - Host: 127.0.0.1
2025-05-31 21:26:54,853 - breathelytics - INFO - Port: 5000
2025-05-31 21:26:54,854 - breathelytics - INFO - Debug: True
2025-05-31 21:26:54,854 - breathelytics - INFO - ==================================================
2025-05-31 21:26:54,854 - breathelytics - INFO - Initializing ML pipeline...
2025-05-31 21:26:54,854 - breathelytics - INFO - Created respiratory pipeline with 4 steps
2025-05-31 21:26:54,854 - breathelytics - INFO - ML pipeline initialized successfully
2025-05-31 21:26:54,854 - breathelytics - INFO - Starting Flask server...
2025-05-31 21:27:59,600 - breathelytics - INFO - Received signal 2, shutting down gracefully...
2025-05-31 21:27:59,601 - breathelytics - INFO - Cleaned up 0 temporary files
2025-05-31 21:27:59,601 - breathelytics - INFO - Application stopped
2025-05-31 21:28:10,022 - breathelytics - INFO - Model file found: D:\dave-workspace\breathelytics_clean\breathelytics\src\breathelytics-backend\respiratory_classifier.pkl
2025-05-31 21:28:10,023 - breathelytics - INFO - Required directories initialized
2025-05-31 21:28:10,023 - breathelytics - INFO - ==================================================
2025-05-31 21:28:10,023 - breathelytics - INFO - Starting Breathelytics Flask API
2025-05-31 21:28:10,024 - breathelytics - INFO - Version: 1.0.0
2025-05-31 21:28:10,024 - breathelytics - INFO - Environment: development
2025-05-31 21:28:10,024 - breathelytics - INFO - Host: 127.0.0.1
2025-05-31 21:28:10,024 - breathelytics - INFO - Port: 5000
2025-05-31 21:28:10,025 - breathelytics - INFO - Debug: True
2025-05-31 21:28:10,025 - breathelytics - INFO - ==================================================
2025-05-31 21:28:10,025 - breathelytics - INFO - Initializing ML pipeline...
2025-05-31 21:28:10,025 - breathelytics - INFO - Created respiratory pipeline with 4 steps
2025-05-31 21:28:10,025 - breathelytics - INFO - ML pipeline initialized successfully
2025-05-31 21:28:10,025 - breathelytics - INFO - Starting Flask server...
2025-05-31 21:28:53,580 - breathelytics - INFO - Received signal 2, shutting down gracefully...
2025-05-31 21:28:53,580 - breathelytics - INFO - Cleaned up 0 temporary files
2025-05-31 21:28:53,581 - breathelytics - INFO - Application stopped
2025-05-31 21:30:10,662 - breathelytics - INFO - Model file found: D:\dave-workspace\breathelytics_clean\breathelytics\src\breathelytics-backend\respiratory_classifier.pkl
2025-05-31 21:30:10,663 - breathelytics - INFO - Required directories initialized
2025-05-31 21:30:10,664 - breathelytics - INFO - ==================================================
2025-05-31 21:30:10,664 - breathelytics - INFO - Starting Breathelytics Flask API
2025-05-31 21:30:10,664 - breathelytics - INFO - Version: 1.0.0
2025-05-31 21:30:10,664 - breathelytics - INFO - Environment: development
2025-05-31 21:30:10,664 - breathelytics - INFO - Host: 127.0.0.1
2025-05-31 21:30:10,665 - breathelytics - INFO - Port: 5000
2025-05-31 21:30:10,665 - breathelytics - INFO - Debug: True
2025-05-31 21:30:10,665 - breathelytics - INFO - ==================================================
2025-05-31 21:30:10,665 - breathelytics - INFO - Initializing ML pipeline...
2025-05-31 21:30:10,665 - breathelytics - INFO - Created respiratory pipeline with 4 steps
2025-05-31 21:30:10,665 - breathelytics - INFO - ML pipeline initialized successfully
2025-05-31 21:30:10,665 - breathelytics - INFO - Starting Flask server...
2025-05-31 21:30:18,752 - breathelytics - INFO - Received signal 2, shutting down gracefully...
2025-05-31 21:30:18,753 - breathelytics - INFO - Cleaned up 0 temporary files
2025-05-31 21:30:18,753 - breathelytics - INFO - Application stopped
2025-05-31 21:30:24,872 - breathelytics - INFO - Initializing preprocessing pipeline...
2025-05-31 21:30:24,872 - breathelytics - INFO - Created respiratory pipeline with 4 steps
2025-05-31 21:30:24,872 - breathelytics - INFO - Preprocessing pipeline initialized successfully
2025-05-31 21:31:59,432 - breathelytics - WARNING - Bad request: 400 Bad Request: No audio file provided in request
2025-05-31 21:32:03,052 - breathelytics - WARNING - Bad request: 400 Bad Request: No audio file provided in request
2025-05-31 21:36:41,843 - breathelytics - INFO - Model file found: D:\dave-workspace\breathelytics_clean\breathelytics\src\breathelytics-backend\respiratory_classifier.pkl
2025-05-31 21:36:41,844 - breathelytics - INFO - Required directories initialized
2025-05-31 21:36:41,844 - breathelytics - INFO - ==================================================
2025-05-31 21:36:41,844 - breathelytics - INFO - Starting Breathelytics Flask API
2025-05-31 21:36:41,844 - breathelytics - INFO - Version: 1.0.0
2025-05-31 21:36:41,844 - breathelytics - INFO - Environment: development
2025-05-31 21:36:41,844 - breathelytics - INFO - Host: 127.0.0.1
2025-05-31 21:36:41,844 - breathelytics - INFO - Port: 5000
2025-05-31 21:36:41,844 - breathelytics - INFO - Debug: True
2025-05-31 21:36:41,844 - breathelytics - INFO - ==================================================
2025-05-31 21:36:41,844 - breathelytics - INFO - Initializing ML pipeline...
2025-05-31 21:36:41,845 - breathelytics - INFO - Created respiratory pipeline with 4 steps
2025-05-31 21:36:41,845 - breathelytics - INFO - ML pipeline initialized successfully
2025-05-31 21:36:41,845 - breathelytics - INFO - Starting Flask server...
2025-05-31 21:40:40,193 - breathelytics - INFO - Model file found: D:\dave-workspace\breathelytics_clean\breathelytics\src\breathelytics-backend\respiratory_classifier.pkl
2025-05-31 21:40:40,194 - breathelytics - INFO - Required directories initialized
2025-05-31 21:40:40,194 - breathelytics - INFO - ==================================================
2025-05-31 21:40:40,194 - breathelytics - INFO - Starting Breathelytics Flask API
2025-05-31 21:40:40,195 - breathelytics - INFO - Version: 1.0.0
2025-05-31 21:40:40,195 - breathelytics - INFO - Environment: development
2025-05-31 21:40:40,195 - breathelytics - INFO - Host: 127.0.0.1
2025-05-31 21:40:40,195 - breathelytics - INFO - Port: 5000
2025-05-31 21:40:40,195 - breathelytics - INFO - Debug: True
2025-05-31 21:40:40,195 - breathelytics - INFO - ==================================================
2025-05-31 21:40:40,195 - breathelytics - INFO - Initializing ML pipeline...
2025-05-31 21:40:40,195 - breathelytics - INFO - Created respiratory pipeline with 4 steps
2025-05-31 21:40:40,196 - breathelytics - INFO - ML pipeline initialized successfully
2025-05-31 21:40:40,196 - breathelytics - INFO - Starting Flask server...
2025-05-31 21:43:53,652 - breathelytics - INFO - Model file found: D:\dave-workspace\breathelytics_clean\breathelytics\src\breathelytics-backend\respiratory_classifier.pkl
2025-05-31 21:43:53,652 - breathelytics - INFO - Required directories initialized
2025-05-31 21:43:53,653 - breathelytics - INFO - ==================================================
2025-05-31 21:43:53,653 - breathelytics - INFO - Starting Breathelytics Flask API
2025-05-31 21:43:53,653 - breathelytics - INFO - Version: 1.0.0
2025-05-31 21:43:53,653 - breathelytics - INFO - Environment: development
2025-05-31 21:43:53,653 - breathelytics - INFO - Host: 127.0.0.1
2025-05-31 21:43:53,653 - breathelytics - INFO - Port: 5000
2025-05-31 21:43:53,653 - breathelytics - INFO - Debug: True
2025-05-31 21:43:53,653 - breathelytics - INFO - ==================================================
2025-05-31 21:43:53,653 - breathelytics - INFO - Initializing ML pipeline...
2025-05-31 21:43:53,653 - breathelytics - INFO - Created respiratory pipeline with 4 steps
2025-05-31 21:43:53,655 - breathelytics - INFO - ML pipeline initialized successfully
2025-05-31 21:43:53,655 - breathelytics - INFO - Starting Flask server...
2025-05-31 21:45:19,307 - breathelytics - INFO - Initializing preprocessing pipeline...
2025-05-31 21:45:19,307 - breathelytics - INFO - Created respiratory pipeline with 4 steps
2025-05-31 21:51:19,421 - breathelytics - INFO - Model file found: D:\dave-workspace\breathelytics_clean\breathelytics\src\breathelytics-backend\respiratory_classifier.pkl
2025-05-31 21:51:19,421 - breathelytics - INFO - Required directories initialized
2025-05-31 21:51:19,421 - breathelytics - INFO - ==================================================
2025-05-31 21:51:19,421 - breathelytics - INFO - Starting Breathelytics Flask API
2025-05-31 21:51:19,422 - breathelytics - INFO - Version: 1.0.0
2025-05-31 21:51:19,422 - breathelytics - INFO - Environment: development
2025-05-31 21:51:19,422 - breathelytics - INFO - Host: 0.0.0.0
2025-05-31 21:51:19,422 - breathelytics - INFO - Port: 5000
2025-05-31 21:51:19,422 - breathelytics - INFO - Debug: True
2025-05-31 21:51:19,422 - breathelytics - INFO - ==================================================
2025-05-31 21:51:19,423 - breathelytics - INFO - Initializing ML pipeline...
2025-05-31 21:51:19,423 - breathelytics - INFO - Created respiratory pipeline with 4 steps
2025-05-31 21:51:19,423 - breathelytics - INFO - ML pipeline initialized successfully
2025-05-31 21:51:19,423 - breathelytics - INFO - Starting Flask server...
2025-05-31 21:58:29,033 - breathelytics - INFO - Saved uploaded file to: D:\dave-workspace\breathelytics_clean\breathelytics\src\breathelytics-backend\temp\48ebdbcf-760b-4ab4-93c6-1d24aff83cfe.wav
2025-05-31 21:58:29,033 - breathelytics - INFO - Starting prediction process...
2025-05-31 21:58:29,034 - breathelytics - INFO - Loading model from: D:\dave-workspace\breathelytics_clean\breathelytics\src\breathelytics-backend\respiratory_classifier.pkl
2025-05-31 21:58:29,639 - breathelytics - INFO - Created respiratory pipeline with 4 steps
2025-05-31 21:58:29,639 - breathelytics - INFO - Processing audio file: D:\dave-workspace\breathelytics_clean\breathelytics\src\breathelytics-backend\temp\48ebdbcf-760b-4ab4-93c6-1d24aff83cfe.wav
2025-05-31 21:58:32,842 - breathelytics - ERROR - Feature extraction failed for 48ebdbcf-760b-4ab4-93c6-1d24aff83cfe.wav: Frequency band exceeds Nyquist. Reduce either fmin or n_bands.
2025-05-31 21:58:32,842 - breathelytics - ERROR - Prediction failed: Feature extraction failed for 48ebdbcf-760b-4ab4-93c6-1d24aff83cfe.wav: Frequency band exceeds Nyquist. Reduce either fmin or n_bands.
Traceback (most recent call last):
  File "D:\dave-workspace\breathelytics_clean\breathelytics\src\breathelytics-backend\pipeline.py", line 193, in transform
    file_features['spectral_contrast'] = librosa.feature.spectral_contrast(y=y_audio, sr=sr)
                                         ^^^^^^^^^^^^^^^^^^^^^^^^^^^^^^^^^^^^^^^^^^^^^^^^^^^
  File "C:\Users\ardav\miniconda3\envs\vsc\Lib\site-packages\librosa\feature\spectral.py", line 489, in spectral_contrast
    raise ParameterError(
librosa.util.exceptions.ParameterError: Frequency band exceeds Nyquist. Reduce either fmin or n_bands.

During handling of the above exception, another exception occurred:

Traceback (most recent call last):
  File "D:\dave-workspace\breathelytics_clean\breathelytics\src\breathelytics-backend\pipeline.py", line 338, in predict_respiratory_condition
    features_df = preprocessing_pipeline.transform([wav_file_path])
                  ^^^^^^^^^^^^^^^^^^^^^^^^^^^^^^^^^^^^^^^^^^^^^^^^^
  File "C:\Users\ardav\miniconda3\envs\vsc\Lib\site-packages\sklearn\pipeline.py", line 905, in transform
    Xt = transform.transform(Xt, **routed_params[name].transform)
         ^^^^^^^^^^^^^^^^^^^^^^^^^^^^^^^^^^^^^^^^^^^^^^^^^^^^^^^^
  File "C:\Users\ardav\miniconda3\envs\vsc\Lib\site-packages\sklearn\utils\_set_output.py", line 295, in wrapped
    data_to_wrap = f(self, X, *args, **kwargs)
                   ^^^^^^^^^^^^^^^^^^^^^^^^^^^
  File "D:\dave-workspace\breathelytics_clean\breathelytics\src\breathelytics-backend\pipeline.py", line 208, in transform
    raise ValueError(f"Feature extraction failed for {filename}: {str(e)}")
ValueError: Feature extraction failed for 48ebdbcf-760b-4ab4-93c6-1d24aff83cfe.wav: Frequency band exceeds Nyquist. Reduce either fmin or n_bands.
2025-05-31 21:58:32,845 - breathelytics - ERROR - Prediction failed: Prediction failed: Feature extraction failed for 48ebdbcf-760b-4ab4-93c6-1d24aff83cfe.wav: Frequency band exceeds Nyquist. Reduce either fmin or n_bands.
Traceback (most recent call last):
  File "D:\dave-workspace\breathelytics_clean\breathelytics\src\breathelytics-backend\pipeline.py", line 193, in transform
    file_features['spectral_contrast'] = librosa.feature.spectral_contrast(y=y_audio, sr=sr)
                                         ^^^^^^^^^^^^^^^^^^^^^^^^^^^^^^^^^^^^^^^^^^^^^^^^^^^
  File "C:\Users\ardav\miniconda3\envs\vsc\Lib\site-packages\librosa\feature\spectral.py", line 489, in spectral_contrast
    raise ParameterError(
librosa.util.exceptions.ParameterError: Frequency band exceeds Nyquist. Reduce either fmin or n_bands.

During handling of the above exception, another exception occurred:

Traceback (most recent call last):
  File "D:\dave-workspace\breathelytics_clean\breathelytics\src\breathelytics-backend\pipeline.py", line 338, in predict_respiratory_condition
    features_df = preprocessing_pipeline.transform([wav_file_path])
                  ^^^^^^^^^^^^^^^^^^^^^^^^^^^^^^^^^^^^^^^^^^^^^^^^^
  File "C:\Users\ardav\miniconda3\envs\vsc\Lib\site-packages\sklearn\pipeline.py", line 905, in transform
    Xt = transform.transform(Xt, **routed_params[name].transform)
         ^^^^^^^^^^^^^^^^^^^^^^^^^^^^^^^^^^^^^^^^^^^^^^^^^^^^^^^^
  File "C:\Users\ardav\miniconda3\envs\vsc\Lib\site-packages\sklearn\utils\_set_output.py", line 295, in wrapped
    data_to_wrap = f(self, X, *args, **kwargs)
                   ^^^^^^^^^^^^^^^^^^^^^^^^^^^
  File "D:\dave-workspace\breathelytics_clean\breathelytics\src\breathelytics-backend\pipeline.py", line 208, in transform
    raise ValueError(f"Feature extraction failed for {filename}: {str(e)}")
ValueError: Feature extraction failed for 48ebdbcf-760b-4ab4-93c6-1d24aff83cfe.wav: Frequency band exceeds Nyquist. Reduce either fmin or n_bands.

During handling of the above exception, another exception occurred:

Traceback (most recent call last):
  File "D:\dave-workspace\breathelytics_clean\breathelytics\src\breathelytics-backend\app.py", line 138, in predict_respiratory_disease
    prediction_result = predict_respiratory_condition(temp_file_path, model_path)
                        ^^^^^^^^^^^^^^^^^^^^^^^^^^^^^^^^^^^^^^^^^^^^^^^^^^^^^^^^^
  File "D:\dave-workspace\breathelytics_clean\breathelytics\src\breathelytics-backend\pipeline.py", line 383, in predict_respiratory_condition
    raise ValueError(f"Prediction failed: {str(e)}")
ValueError: Prediction failed: Feature extraction failed for 48ebdbcf-760b-4ab4-93c6-1d24aff83cfe.wav: Frequency band exceeds Nyquist. Reduce either fmin or n_bands.
2025-05-31 21:58:33,965 - breathelytics - INFO - Saved uploaded file to: D:\dave-workspace\breathelytics_clean\breathelytics\src\breathelytics-backend\temp\af667103-3635-4e5c-a58c-8368bb086992.wav
2025-05-31 21:58:33,966 - breathelytics - INFO - Starting prediction process...
2025-05-31 21:58:33,966 - breathelytics - INFO - Loading model from: D:\dave-workspace\breathelytics_clean\breathelytics\src\breathelytics-backend\respiratory_classifier.pkl
2025-05-31 21:58:34,013 - breathelytics - INFO - Created respiratory pipeline with 4 steps
2025-05-31 21:58:34,013 - breathelytics - INFO - Processing audio file: D:\dave-workspace\breathelytics_clean\breathelytics\src\breathelytics-backend\temp\af667103-3635-4e5c-a58c-8368bb086992.wav
2025-05-31 21:58:34,036 - breathelytics - ERROR - Feature extraction failed for af667103-3635-4e5c-a58c-8368bb086992.wav: Frequency band exceeds Nyquist. Reduce either fmin or n_bands.
2025-05-31 21:58:34,037 - breathelytics - ERROR - Prediction failed: Feature extraction failed for af667103-3635-4e5c-a58c-8368bb086992.wav: Frequency band exceeds Nyquist. Reduce either fmin or n_bands.
Traceback (most recent call last):
  File "D:\dave-workspace\breathelytics_clean\breathelytics\src\breathelytics-backend\pipeline.py", line 193, in transform
    file_features['spectral_contrast'] = librosa.feature.spectral_contrast(y=y_audio, sr=sr)
                                         ^^^^^^^^^^^^^^^^^^^^^^^^^^^^^^^^^^^^^^^^^^^^^^^^^^^
  File "C:\Users\ardav\miniconda3\envs\vsc\Lib\site-packages\librosa\feature\spectral.py", line 489, in spectral_contrast
    raise ParameterError(
librosa.util.exceptions.ParameterError: Frequency band exceeds Nyquist. Reduce either fmin or n_bands.

During handling of the above exception, another exception occurred:

Traceback (most recent call last):
  File "D:\dave-workspace\breathelytics_clean\breathelytics\src\breathelytics-backend\pipeline.py", line 338, in predict_respiratory_condition
    features_df = preprocessing_pipeline.transform([wav_file_path])
                  ^^^^^^^^^^^^^^^^^^^^^^^^^^^^^^^^^^^^^^^^^^^^^^^^^
  File "C:\Users\ardav\miniconda3\envs\vsc\Lib\site-packages\sklearn\pipeline.py", line 905, in transform
    Xt = transform.transform(Xt, **routed_params[name].transform)
         ^^^^^^^^^^^^^^^^^^^^^^^^^^^^^^^^^^^^^^^^^^^^^^^^^^^^^^^^
  File "C:\Users\ardav\miniconda3\envs\vsc\Lib\site-packages\sklearn\utils\_set_output.py", line 295, in wrapped
    data_to_wrap = f(self, X, *args, **kwargs)
                   ^^^^^^^^^^^^^^^^^^^^^^^^^^^
  File "D:\dave-workspace\breathelytics_clean\breathelytics\src\breathelytics-backend\pipeline.py", line 208, in transform
    raise ValueError(f"Feature extraction failed for {filename}: {str(e)}")
ValueError: Feature extraction failed for af667103-3635-4e5c-a58c-8368bb086992.wav: Frequency band exceeds Nyquist. Reduce either fmin or n_bands.
2025-05-31 21:58:34,038 - breathelytics - ERROR - Prediction failed: Prediction failed: Feature extraction failed for af667103-3635-4e5c-a58c-8368bb086992.wav: Frequency band exceeds Nyquist. Reduce either fmin or n_bands.
Traceback (most recent call last):
  File "D:\dave-workspace\breathelytics_clean\breathelytics\src\breathelytics-backend\pipeline.py", line 193, in transform
    file_features['spectral_contrast'] = librosa.feature.spectral_contrast(y=y_audio, sr=sr)
                                         ^^^^^^^^^^^^^^^^^^^^^^^^^^^^^^^^^^^^^^^^^^^^^^^^^^^
  File "C:\Users\ardav\miniconda3\envs\vsc\Lib\site-packages\librosa\feature\spectral.py", line 489, in spectral_contrast
    raise ParameterError(
librosa.util.exceptions.ParameterError: Frequency band exceeds Nyquist. Reduce either fmin or n_bands.

During handling of the above exception, another exception occurred:

Traceback (most recent call last):
  File "D:\dave-workspace\breathelytics_clean\breathelytics\src\breathelytics-backend\pipeline.py", line 338, in predict_respiratory_condition
    features_df = preprocessing_pipeline.transform([wav_file_path])
                  ^^^^^^^^^^^^^^^^^^^^^^^^^^^^^^^^^^^^^^^^^^^^^^^^^
  File "C:\Users\ardav\miniconda3\envs\vsc\Lib\site-packages\sklearn\pipeline.py", line 905, in transform
    Xt = transform.transform(Xt, **routed_params[name].transform)
         ^^^^^^^^^^^^^^^^^^^^^^^^^^^^^^^^^^^^^^^^^^^^^^^^^^^^^^^^
  File "C:\Users\ardav\miniconda3\envs\vsc\Lib\site-packages\sklearn\utils\_set_output.py", line 295, in wrapped
    data_to_wrap = f(self, X, *args, **kwargs)
                   ^^^^^^^^^^^^^^^^^^^^^^^^^^^
  File "D:\dave-workspace\breathelytics_clean\breathelytics\src\breathelytics-backend\pipeline.py", line 208, in transform
    raise ValueError(f"Feature extraction failed for {filename}: {str(e)}")
ValueError: Feature extraction failed for af667103-3635-4e5c-a58c-8368bb086992.wav: Frequency band exceeds Nyquist. Reduce either fmin or n_bands.

During handling of the above exception, another exception occurred:

Traceback (most recent call last):
  File "D:\dave-workspace\breathelytics_clean\breathelytics\src\breathelytics-backend\app.py", line 138, in predict_respiratory_disease
    prediction_result = predict_respiratory_condition(temp_file_path, model_path)
                        ^^^^^^^^^^^^^^^^^^^^^^^^^^^^^^^^^^^^^^^^^^^^^^^^^^^^^^^^^
  File "D:\dave-workspace\breathelytics_clean\breathelytics\src\breathelytics-backend\pipeline.py", line 383, in predict_respiratory_condition
    raise ValueError(f"Prediction failed: {str(e)}")
ValueError: Prediction failed: Feature extraction failed for af667103-3635-4e5c-a58c-8368bb086992.wav: Frequency band exceeds Nyquist. Reduce either fmin or n_bands.
2025-05-31 21:58:52,764 - breathelytics - INFO - Saved uploaded file to: D:\dave-workspace\breathelytics_clean\breathelytics\src\breathelytics-backend\temp\bfa0f46b-2171-4d68-bc80-0e2bfa63c4ef.wav
2025-05-31 21:58:52,764 - breathelytics - INFO - Starting prediction process...
2025-05-31 21:58:52,765 - breathelytics - INFO - Loading model from: D:\dave-workspace\breathelytics_clean\breathelytics\src\breathelytics-backend\respiratory_classifier.pkl
2025-05-31 21:58:52,810 - breathelytics - INFO - Created respiratory pipeline with 4 steps
2025-05-31 21:58:52,811 - breathelytics - INFO - Processing audio file: D:\dave-workspace\breathelytics_clean\breathelytics\src\breathelytics-backend\temp\bfa0f46b-2171-4d68-bc80-0e2bfa63c4ef.wav
2025-05-31 21:58:53,026 - breathelytics - INFO - Feature statistics calculated. Shape: (1, 30)
2025-05-31 21:58:53,091 - breathelytics - INFO - Prediction completed: COPD (confidence: 91.74%) in 0.33s
2025-05-31 21:58:53,094 - breathelytics - INFO - Prediction completed: COPD (confidence: 91.74%)
2025-05-31 21:58:54,227 - breathelytics - INFO - Saved uploaded file to: D:\dave-workspace\breathelytics_clean\breathelytics\src\breathelytics-backend\temp\27b698c3-7740-4be4-abb6-b2998950a326.wav
2025-05-31 21:58:54,228 - breathelytics - INFO - Starting prediction process...
2025-05-31 21:58:54,228 - breathelytics - INFO - Loading model from: D:\dave-workspace\breathelytics_clean\breathelytics\src\breathelytics-backend\respiratory_classifier.pkl
2025-05-31 21:58:54,269 - breathelytics - INFO - Created respiratory pipeline with 4 steps
2025-05-31 21:58:54,269 - breathelytics - INFO - Processing audio file: D:\dave-workspace\breathelytics_clean\breathelytics\src\breathelytics-backend\temp\27b698c3-7740-4be4-abb6-b2998950a326.wav
2025-05-31 21:58:54,462 - breathelytics - INFO - Feature statistics calculated. Shape: (1, 30)
2025-05-31 21:58:54,519 - breathelytics - INFO - Prediction completed: COPD (confidence: 91.74%) in 0.29s
2025-05-31 21:58:54,520 - breathelytics - INFO - Prediction completed: COPD (confidence: 91.74%)
2025-05-31 22:00:48,053 - breathelytics - INFO - Saved uploaded file to: D:\dave-workspace\breathelytics_clean\breathelytics\src\breathelytics-backend\temp\7e6c2125-1cd2-41ac-8d9e-06744809f709.wav
2025-05-31 22:00:48,054 - breathelytics - INFO - Starting prediction process...
2025-05-31 22:00:48,054 - breathelytics - INFO - Loading model from: D:\dave-workspace\breathelytics_clean\breathelytics\src\breathelytics-backend\respiratory_classifier.pkl
2025-05-31 22:00:48,097 - breathelytics - INFO - Created respiratory pipeline with 4 steps
2025-05-31 22:00:48,097 - breathelytics - INFO - Processing audio file: D:\dave-workspace\breathelytics_clean\breathelytics\src\breathelytics-backend\temp\7e6c2125-1cd2-41ac-8d9e-06744809f709.wav
2025-05-31 22:00:48,312 - breathelytics - INFO - Feature statistics calculated. Shape: (1, 30)
2025-05-31 22:00:48,370 - breathelytics - INFO - Prediction completed: Pneumonia (confidence: 31.06%) in 0.32s
2025-05-31 22:00:48,371 - breathelytics - INFO - Prediction completed: Pneumonia (confidence: 31.06%)
2025-05-31 22:00:49,494 - breathelytics - INFO - Saved uploaded file to: D:\dave-workspace\breathelytics_clean\breathelytics\src\breathelytics-backend\temp\bc7f4d4f-3174-4ca4-a127-37cf66911c7e.wav
2025-05-31 22:00:49,494 - breathelytics - INFO - Starting prediction process...
2025-05-31 22:00:49,495 - breathelytics - INFO - Loading model from: D:\dave-workspace\breathelytics_clean\breathelytics\src\breathelytics-backend\respiratory_classifier.pkl
2025-05-31 22:00:49,537 - breathelytics - INFO - Created respiratory pipeline with 4 steps
2025-05-31 22:00:49,537 - breathelytics - INFO - Processing audio file: D:\dave-workspace\breathelytics_clean\breathelytics\src\breathelytics-backend\temp\bc7f4d4f-3174-4ca4-a127-37cf66911c7e.wav
2025-05-31 22:00:49,743 - breathelytics - INFO - Feature statistics calculated. Shape: (1, 30)
2025-05-31 22:00:49,803 - breathelytics - INFO - Prediction completed: Pneumonia (confidence: 31.06%) in 0.31s
2025-05-31 22:00:49,803 - breathelytics - INFO - Prediction completed: Pneumonia (confidence: 31.06%)
2025-05-31 22:03:40,816 - breathelytics - INFO - Saved uploaded file to: D:\dave-workspace\breathelytics_clean\breathelytics\src\breathelytics-backend\temp\8fd9af88-f517-4a1e-8545-342b160197de.wav
2025-05-31 22:03:40,817 - breathelytics - INFO - Starting prediction process...
2025-05-31 22:03:40,817 - breathelytics - INFO - Loading model from: D:\dave-workspace\breathelytics_clean\breathelytics\src\breathelytics-backend\respiratory_classifier.pkl
2025-05-31 22:03:40,861 - breathelytics - INFO - Created respiratory pipeline with 4 steps
2025-05-31 22:03:40,862 - breathelytics - INFO - Processing audio file: D:\dave-workspace\breathelytics_clean\breathelytics\src\breathelytics-backend\temp\8fd9af88-f517-4a1e-8545-342b160197de.wav
2025-05-31 22:03:40,885 - breathelytics - ERROR - Feature extraction failed for 8fd9af88-f517-4a1e-8545-342b160197de.wav: Frequency band exceeds Nyquist. Reduce either fmin or n_bands.
2025-05-31 22:03:40,885 - breathelytics - ERROR - Prediction failed: Feature extraction failed for 8fd9af88-f517-4a1e-8545-342b160197de.wav: Frequency band exceeds Nyquist. Reduce either fmin or n_bands.
Traceback (most recent call last):
  File "D:\dave-workspace\breathelytics_clean\breathelytics\src\breathelytics-backend\pipeline.py", line 193, in transform
    file_features['spectral_contrast'] = librosa.feature.spectral_contrast(y=y_audio, sr=sr)
                                         ^^^^^^^^^^^^^^^^^^^^^^^^^^^^^^^^^^^^^^^^^^^^^^^^^^^
  File "C:\Users\ardav\miniconda3\envs\vsc\Lib\site-packages\librosa\feature\spectral.py", line 489, in spectral_contrast
    raise ParameterError(
librosa.util.exceptions.ParameterError: Frequency band exceeds Nyquist. Reduce either fmin or n_bands.

During handling of the above exception, another exception occurred:

Traceback (most recent call last):
  File "D:\dave-workspace\breathelytics_clean\breathelytics\src\breathelytics-backend\pipeline.py", line 338, in predict_respiratory_condition
    features_df = preprocessing_pipeline.transform([wav_file_path])
                  ^^^^^^^^^^^^^^^^^^^^^^^^^^^^^^^^^^^^^^^^^^^^^^^^^
  File "C:\Users\ardav\miniconda3\envs\vsc\Lib\site-packages\sklearn\pipeline.py", line 905, in transform
    Xt = transform.transform(Xt, **routed_params[name].transform)
         ^^^^^^^^^^^^^^^^^^^^^^^^^^^^^^^^^^^^^^^^^^^^^^^^^^^^^^^^
  File "C:\Users\ardav\miniconda3\envs\vsc\Lib\site-packages\sklearn\utils\_set_output.py", line 295, in wrapped
    data_to_wrap = f(self, X, *args, **kwargs)
                   ^^^^^^^^^^^^^^^^^^^^^^^^^^^
  File "D:\dave-workspace\breathelytics_clean\breathelytics\src\breathelytics-backend\pipeline.py", line 208, in transform
    raise ValueError(f"Feature extraction failed for {filename}: {str(e)}")
ValueError: Feature extraction failed for 8fd9af88-f517-4a1e-8545-342b160197de.wav: Frequency band exceeds Nyquist. Reduce either fmin or n_bands.
2025-05-31 22:03:40,888 - breathelytics - ERROR - Prediction failed: Prediction failed: Feature extraction failed for 8fd9af88-f517-4a1e-8545-342b160197de.wav: Frequency band exceeds Nyquist. Reduce either fmin or n_bands.
Traceback (most recent call last):
  File "D:\dave-workspace\breathelytics_clean\breathelytics\src\breathelytics-backend\pipeline.py", line 193, in transform
    file_features['spectral_contrast'] = librosa.feature.spectral_contrast(y=y_audio, sr=sr)
                                         ^^^^^^^^^^^^^^^^^^^^^^^^^^^^^^^^^^^^^^^^^^^^^^^^^^^
  File "C:\Users\ardav\miniconda3\envs\vsc\Lib\site-packages\librosa\feature\spectral.py", line 489, in spectral_contrast
    raise ParameterError(
librosa.util.exceptions.ParameterError: Frequency band exceeds Nyquist. Reduce either fmin or n_bands.

During handling of the above exception, another exception occurred:

Traceback (most recent call last):
  File "D:\dave-workspace\breathelytics_clean\breathelytics\src\breathelytics-backend\pipeline.py", line 338, in predict_respiratory_condition
    features_df = preprocessing_pipeline.transform([wav_file_path])
                  ^^^^^^^^^^^^^^^^^^^^^^^^^^^^^^^^^^^^^^^^^^^^^^^^^
  File "C:\Users\ardav\miniconda3\envs\vsc\Lib\site-packages\sklearn\pipeline.py", line 905, in transform
    Xt = transform.transform(Xt, **routed_params[name].transform)
         ^^^^^^^^^^^^^^^^^^^^^^^^^^^^^^^^^^^^^^^^^^^^^^^^^^^^^^^^
  File "C:\Users\ardav\miniconda3\envs\vsc\Lib\site-packages\sklearn\utils\_set_output.py", line 295, in wrapped
    data_to_wrap = f(self, X, *args, **kwargs)
                   ^^^^^^^^^^^^^^^^^^^^^^^^^^^
  File "D:\dave-workspace\breathelytics_clean\breathelytics\src\breathelytics-backend\pipeline.py", line 208, in transform
    raise ValueError(f"Feature extraction failed for {filename}: {str(e)}")
ValueError: Feature extraction failed for 8fd9af88-f517-4a1e-8545-342b160197de.wav: Frequency band exceeds Nyquist. Reduce either fmin or n_bands.

During handling of the above exception, another exception occurred:

Traceback (most recent call last):
  File "D:\dave-workspace\breathelytics_clean\breathelytics\src\breathelytics-backend\app.py", line 138, in predict_respiratory_disease
    prediction_result = predict_respiratory_condition(temp_file_path, model_path)
                        ^^^^^^^^^^^^^^^^^^^^^^^^^^^^^^^^^^^^^^^^^^^^^^^^^^^^^^^^^
  File "D:\dave-workspace\breathelytics_clean\breathelytics\src\breathelytics-backend\pipeline.py", line 383, in predict_respiratory_condition
    raise ValueError(f"Prediction failed: {str(e)}")
ValueError: Prediction failed: Feature extraction failed for 8fd9af88-f517-4a1e-8545-342b160197de.wav: Frequency band exceeds Nyquist. Reduce either fmin or n_bands.
2025-05-31 22:03:42,012 - breathelytics - INFO - Saved uploaded file to: D:\dave-workspace\breathelytics_clean\breathelytics\src\breathelytics-backend\temp\af11fbb2-a736-4d4f-9775-3a612a446a03.wav
2025-05-31 22:03:42,013 - breathelytics - INFO - Starting prediction process...
2025-05-31 22:03:42,013 - breathelytics - INFO - Loading model from: D:\dave-workspace\breathelytics_clean\breathelytics\src\breathelytics-backend\respiratory_classifier.pkl
2025-05-31 22:03:42,055 - breathelytics - INFO - Created respiratory pipeline with 4 steps
2025-05-31 22:03:42,055 - breathelytics - INFO - Processing audio file: D:\dave-workspace\breathelytics_clean\breathelytics\src\breathelytics-backend\temp\af11fbb2-a736-4d4f-9775-3a612a446a03.wav
2025-05-31 22:03:42,080 - breathelytics - ERROR - Feature extraction failed for af11fbb2-a736-4d4f-9775-3a612a446a03.wav: Frequency band exceeds Nyquist. Reduce either fmin or n_bands.
2025-05-31 22:03:42,081 - breathelytics - ERROR - Prediction failed: Feature extraction failed for af11fbb2-a736-4d4f-9775-3a612a446a03.wav: Frequency band exceeds Nyquist. Reduce either fmin or n_bands.
Traceback (most recent call last):
  File "D:\dave-workspace\breathelytics_clean\breathelytics\src\breathelytics-backend\pipeline.py", line 193, in transform
    file_features['spectral_contrast'] = librosa.feature.spectral_contrast(y=y_audio, sr=sr)
                                         ^^^^^^^^^^^^^^^^^^^^^^^^^^^^^^^^^^^^^^^^^^^^^^^^^^^
  File "C:\Users\ardav\miniconda3\envs\vsc\Lib\site-packages\librosa\feature\spectral.py", line 489, in spectral_contrast
    raise ParameterError(
librosa.util.exceptions.ParameterError: Frequency band exceeds Nyquist. Reduce either fmin or n_bands.

During handling of the above exception, another exception occurred:

Traceback (most recent call last):
  File "D:\dave-workspace\breathelytics_clean\breathelytics\src\breathelytics-backend\pipeline.py", line 338, in predict_respiratory_condition
    features_df = preprocessing_pipeline.transform([wav_file_path])
                  ^^^^^^^^^^^^^^^^^^^^^^^^^^^^^^^^^^^^^^^^^^^^^^^^^
  File "C:\Users\ardav\miniconda3\envs\vsc\Lib\site-packages\sklearn\pipeline.py", line 905, in transform
    Xt = transform.transform(Xt, **routed_params[name].transform)
         ^^^^^^^^^^^^^^^^^^^^^^^^^^^^^^^^^^^^^^^^^^^^^^^^^^^^^^^^
  File "C:\Users\ardav\miniconda3\envs\vsc\Lib\site-packages\sklearn\utils\_set_output.py", line 295, in wrapped
    data_to_wrap = f(self, X, *args, **kwargs)
                   ^^^^^^^^^^^^^^^^^^^^^^^^^^^
  File "D:\dave-workspace\breathelytics_clean\breathelytics\src\breathelytics-backend\pipeline.py", line 208, in transform
    raise ValueError(f"Feature extraction failed for {filename}: {str(e)}")
ValueError: Feature extraction failed for af11fbb2-a736-4d4f-9775-3a612a446a03.wav: Frequency band exceeds Nyquist. Reduce either fmin or n_bands.
2025-05-31 22:03:42,084 - breathelytics - ERROR - Prediction failed: Prediction failed: Feature extraction failed for af11fbb2-a736-4d4f-9775-3a612a446a03.wav: Frequency band exceeds Nyquist. Reduce either fmin or n_bands.
Traceback (most recent call last):
  File "D:\dave-workspace\breathelytics_clean\breathelytics\src\breathelytics-backend\pipeline.py", line 193, in transform
    file_features['spectral_contrast'] = librosa.feature.spectral_contrast(y=y_audio, sr=sr)
                                         ^^^^^^^^^^^^^^^^^^^^^^^^^^^^^^^^^^^^^^^^^^^^^^^^^^^
  File "C:\Users\ardav\miniconda3\envs\vsc\Lib\site-packages\librosa\feature\spectral.py", line 489, in spectral_contrast
    raise ParameterError(
librosa.util.exceptions.ParameterError: Frequency band exceeds Nyquist. Reduce either fmin or n_bands.

During handling of the above exception, another exception occurred:

Traceback (most recent call last):
  File "D:\dave-workspace\breathelytics_clean\breathelytics\src\breathelytics-backend\pipeline.py", line 338, in predict_respiratory_condition
    features_df = preprocessing_pipeline.transform([wav_file_path])
                  ^^^^^^^^^^^^^^^^^^^^^^^^^^^^^^^^^^^^^^^^^^^^^^^^^
  File "C:\Users\ardav\miniconda3\envs\vsc\Lib\site-packages\sklearn\pipeline.py", line 905, in transform
    Xt = transform.transform(Xt, **routed_params[name].transform)
         ^^^^^^^^^^^^^^^^^^^^^^^^^^^^^^^^^^^^^^^^^^^^^^^^^^^^^^^^
  File "C:\Users\ardav\miniconda3\envs\vsc\Lib\site-packages\sklearn\utils\_set_output.py", line 295, in wrapped
    data_to_wrap = f(self, X, *args, **kwargs)
                   ^^^^^^^^^^^^^^^^^^^^^^^^^^^
  File "D:\dave-workspace\breathelytics_clean\breathelytics\src\breathelytics-backend\pipeline.py", line 208, in transform
    raise ValueError(f"Feature extraction failed for {filename}: {str(e)}")
ValueError: Feature extraction failed for af11fbb2-a736-4d4f-9775-3a612a446a03.wav: Frequency band exceeds Nyquist. Reduce either fmin or n_bands.

During handling of the above exception, another exception occurred:

Traceback (most recent call last):
  File "D:\dave-workspace\breathelytics_clean\breathelytics\src\breathelytics-backend\app.py", line 138, in predict_respiratory_disease
    prediction_result = predict_respiratory_condition(temp_file_path, model_path)
                        ^^^^^^^^^^^^^^^^^^^^^^^^^^^^^^^^^^^^^^^^^^^^^^^^^^^^^^^^^
  File "D:\dave-workspace\breathelytics_clean\breathelytics\src\breathelytics-backend\pipeline.py", line 383, in predict_respiratory_condition
    raise ValueError(f"Prediction failed: {str(e)}")
ValueError: Prediction failed: Feature extraction failed for af11fbb2-a736-4d4f-9775-3a612a446a03.wav: Frequency band exceeds Nyquist. Reduce either fmin or n_bands.
2025-05-31 22:03:54,312 - breathelytics - INFO - Saved uploaded file to: D:\dave-workspace\breathelytics_clean\breathelytics\src\breathelytics-backend\temp\bec0b2cb-b303-4360-8ecb-3729f91e0ea6.wav
2025-05-31 22:03:54,313 - breathelytics - INFO - Starting prediction process...
2025-05-31 22:03:54,313 - breathelytics - INFO - Loading model from: D:\dave-workspace\breathelytics_clean\breathelytics\src\breathelytics-backend\respiratory_classifier.pkl
2025-05-31 22:03:54,358 - breathelytics - INFO - Created respiratory pipeline with 4 steps
2025-05-31 22:03:54,358 - breathelytics - INFO - Processing audio file: D:\dave-workspace\breathelytics_clean\breathelytics\src\breathelytics-backend\temp\bec0b2cb-b303-4360-8ecb-3729f91e0ea6.wav
2025-05-31 22:03:54,567 - breathelytics - INFO - Feature statistics calculated. Shape: (1, 30)
2025-05-31 22:03:54,627 - breathelytics - INFO - Prediction completed: COPD (confidence: 92.21%) in 0.31s
2025-05-31 22:03:54,628 - breathelytics - INFO - Prediction completed: COPD (confidence: 92.21%)
2025-05-31 22:03:55,753 - breathelytics - INFO - Saved uploaded file to: D:\dave-workspace\breathelytics_clean\breathelytics\src\breathelytics-backend\temp\fd1246ed-1da3-426f-b1ae-87eb4403c04b.wav
2025-05-31 22:03:55,754 - breathelytics - INFO - Starting prediction process...
2025-05-31 22:03:55,754 - breathelytics - INFO - Loading model from: D:\dave-workspace\breathelytics_clean\breathelytics\src\breathelytics-backend\respiratory_classifier.pkl
2025-05-31 22:03:55,795 - breathelytics - INFO - Created respiratory pipeline with 4 steps
2025-05-31 22:03:55,796 - breathelytics - INFO - Processing audio file: D:\dave-workspace\breathelytics_clean\breathelytics\src\breathelytics-backend\temp\fd1246ed-1da3-426f-b1ae-87eb4403c04b.wav
2025-05-31 22:03:55,998 - breathelytics - INFO - Feature statistics calculated. Shape: (1, 30)
2025-05-31 22:03:56,055 - breathelytics - INFO - Prediction completed: COPD (confidence: 92.21%) in 0.30s
2025-05-31 22:03:56,056 - breathelytics - INFO - Prediction completed: COPD (confidence: 92.21%)
2025-05-31 22:05:19,368 - breathelytics - INFO - Saved uploaded file to: D:\dave-workspace\breathelytics_clean\breathelytics\src\breathelytics-backend\temp\35c7107d-47f8-4d6a-b2fa-7078b200220d.wav
2025-05-31 22:05:19,369 - breathelytics - INFO - Starting prediction process...
2025-05-31 22:05:19,369 - breathelytics - INFO - Loading model from: D:\dave-workspace\breathelytics_clean\breathelytics\src\breathelytics-backend\respiratory_classifier.pkl
2025-05-31 22:05:19,415 - breathelytics - INFO - Created respiratory pipeline with 4 steps
2025-05-31 22:05:19,415 - breathelytics - INFO - Processing audio file: D:\dave-workspace\breathelytics_clean\breathelytics\src\breathelytics-backend\temp\35c7107d-47f8-4d6a-b2fa-7078b200220d.wav
2025-05-31 22:05:19,438 - breathelytics - ERROR - Feature extraction failed for 35c7107d-47f8-4d6a-b2fa-7078b200220d.wav: Frequency band exceeds Nyquist. Reduce either fmin or n_bands.
2025-05-31 22:05:19,439 - breathelytics - ERROR - Prediction failed: Feature extraction failed for 35c7107d-47f8-4d6a-b2fa-7078b200220d.wav: Frequency band exceeds Nyquist. Reduce either fmin or n_bands.
Traceback (most recent call last):
  File "D:\dave-workspace\breathelytics_clean\breathelytics\src\breathelytics-backend\pipeline.py", line 193, in transform
    file_features['spectral_contrast'] = librosa.feature.spectral_contrast(y=y_audio, sr=sr)
                                         ^^^^^^^^^^^^^^^^^^^^^^^^^^^^^^^^^^^^^^^^^^^^^^^^^^^
  File "C:\Users\ardav\miniconda3\envs\vsc\Lib\site-packages\librosa\feature\spectral.py", line 489, in spectral_contrast
    raise ParameterError(
librosa.util.exceptions.ParameterError: Frequency band exceeds Nyquist. Reduce either fmin or n_bands.

During handling of the above exception, another exception occurred:

Traceback (most recent call last):
  File "D:\dave-workspace\breathelytics_clean\breathelytics\src\breathelytics-backend\pipeline.py", line 338, in predict_respiratory_condition
    features_df = preprocessing_pipeline.transform([wav_file_path])
                  ^^^^^^^^^^^^^^^^^^^^^^^^^^^^^^^^^^^^^^^^^^^^^^^^^
  File "C:\Users\ardav\miniconda3\envs\vsc\Lib\site-packages\sklearn\pipeline.py", line 905, in transform
    Xt = transform.transform(Xt, **routed_params[name].transform)
         ^^^^^^^^^^^^^^^^^^^^^^^^^^^^^^^^^^^^^^^^^^^^^^^^^^^^^^^^
  File "C:\Users\ardav\miniconda3\envs\vsc\Lib\site-packages\sklearn\utils\_set_output.py", line 295, in wrapped
    data_to_wrap = f(self, X, *args, **kwargs)
                   ^^^^^^^^^^^^^^^^^^^^^^^^^^^
  File "D:\dave-workspace\breathelytics_clean\breathelytics\src\breathelytics-backend\pipeline.py", line 208, in transform
    raise ValueError(f"Feature extraction failed for {filename}: {str(e)}")
ValueError: Feature extraction failed for 35c7107d-47f8-4d6a-b2fa-7078b200220d.wav: Frequency band exceeds Nyquist. Reduce either fmin or n_bands.
2025-05-31 22:05:19,441 - breathelytics - ERROR - Prediction failed: Prediction failed: Feature extraction failed for 35c7107d-47f8-4d6a-b2fa-7078b200220d.wav: Frequency band exceeds Nyquist. Reduce either fmin or n_bands.
Traceback (most recent call last):
  File "D:\dave-workspace\breathelytics_clean\breathelytics\src\breathelytics-backend\pipeline.py", line 193, in transform
    file_features['spectral_contrast'] = librosa.feature.spectral_contrast(y=y_audio, sr=sr)
                                         ^^^^^^^^^^^^^^^^^^^^^^^^^^^^^^^^^^^^^^^^^^^^^^^^^^^
  File "C:\Users\ardav\miniconda3\envs\vsc\Lib\site-packages\librosa\feature\spectral.py", line 489, in spectral_contrast
    raise ParameterError(
librosa.util.exceptions.ParameterError: Frequency band exceeds Nyquist. Reduce either fmin or n_bands.

During handling of the above exception, another exception occurred:

Traceback (most recent call last):
  File "D:\dave-workspace\breathelytics_clean\breathelytics\src\breathelytics-backend\pipeline.py", line 338, in predict_respiratory_condition
    features_df = preprocessing_pipeline.transform([wav_file_path])
                  ^^^^^^^^^^^^^^^^^^^^^^^^^^^^^^^^^^^^^^^^^^^^^^^^^
  File "C:\Users\ardav\miniconda3\envs\vsc\Lib\site-packages\sklearn\pipeline.py", line 905, in transform
    Xt = transform.transform(Xt, **routed_params[name].transform)
         ^^^^^^^^^^^^^^^^^^^^^^^^^^^^^^^^^^^^^^^^^^^^^^^^^^^^^^^^
  File "C:\Users\ardav\miniconda3\envs\vsc\Lib\site-packages\sklearn\utils\_set_output.py", line 295, in wrapped
    data_to_wrap = f(self, X, *args, **kwargs)
                   ^^^^^^^^^^^^^^^^^^^^^^^^^^^
  File "D:\dave-workspace\breathelytics_clean\breathelytics\src\breathelytics-backend\pipeline.py", line 208, in transform
    raise ValueError(f"Feature extraction failed for {filename}: {str(e)}")
ValueError: Feature extraction failed for 35c7107d-47f8-4d6a-b2fa-7078b200220d.wav: Frequency band exceeds Nyquist. Reduce either fmin or n_bands.

During handling of the above exception, another exception occurred:

Traceback (most recent call last):
  File "D:\dave-workspace\breathelytics_clean\breathelytics\src\breathelytics-backend\app.py", line 138, in predict_respiratory_disease
    prediction_result = predict_respiratory_condition(temp_file_path, model_path)
                        ^^^^^^^^^^^^^^^^^^^^^^^^^^^^^^^^^^^^^^^^^^^^^^^^^^^^^^^^^
  File "D:\dave-workspace\breathelytics_clean\breathelytics\src\breathelytics-backend\pipeline.py", line 383, in predict_respiratory_condition
    raise ValueError(f"Prediction failed: {str(e)}")
ValueError: Prediction failed: Feature extraction failed for 35c7107d-47f8-4d6a-b2fa-7078b200220d.wav: Frequency band exceeds Nyquist. Reduce either fmin or n_bands.
2025-05-31 22:05:20,555 - breathelytics - INFO - Saved uploaded file to: D:\dave-workspace\breathelytics_clean\breathelytics\src\breathelytics-backend\temp\70828917-7f11-48ea-857c-9c0cac4a39ea.wav
2025-05-31 22:05:20,556 - breathelytics - INFO - Starting prediction process...
2025-05-31 22:05:20,556 - breathelytics - INFO - Loading model from: D:\dave-workspace\breathelytics_clean\breathelytics\src\breathelytics-backend\respiratory_classifier.pkl
2025-05-31 22:05:20,600 - breathelytics - INFO - Created respiratory pipeline with 4 steps
2025-05-31 22:05:20,601 - breathelytics - INFO - Processing audio file: D:\dave-workspace\breathelytics_clean\breathelytics\src\breathelytics-backend\temp\70828917-7f11-48ea-857c-9c0cac4a39ea.wav
2025-05-31 22:05:20,624 - breathelytics - ERROR - Feature extraction failed for 70828917-7f11-48ea-857c-9c0cac4a39ea.wav: Frequency band exceeds Nyquist. Reduce either fmin or n_bands.
2025-05-31 22:05:20,625 - breathelytics - ERROR - Prediction failed: Feature extraction failed for 70828917-7f11-48ea-857c-9c0cac4a39ea.wav: Frequency band exceeds Nyquist. Reduce either fmin or n_bands.
Traceback (most recent call last):
  File "D:\dave-workspace\breathelytics_clean\breathelytics\src\breathelytics-backend\pipeline.py", line 193, in transform
    file_features['spectral_contrast'] = librosa.feature.spectral_contrast(y=y_audio, sr=sr)
                                         ^^^^^^^^^^^^^^^^^^^^^^^^^^^^^^^^^^^^^^^^^^^^^^^^^^^
  File "C:\Users\ardav\miniconda3\envs\vsc\Lib\site-packages\librosa\feature\spectral.py", line 489, in spectral_contrast
    raise ParameterError(
librosa.util.exceptions.ParameterError: Frequency band exceeds Nyquist. Reduce either fmin or n_bands.

During handling of the above exception, another exception occurred:

Traceback (most recent call last):
  File "D:\dave-workspace\breathelytics_clean\breathelytics\src\breathelytics-backend\pipeline.py", line 338, in predict_respiratory_condition
    features_df = preprocessing_pipeline.transform([wav_file_path])
                  ^^^^^^^^^^^^^^^^^^^^^^^^^^^^^^^^^^^^^^^^^^^^^^^^^
  File "C:\Users\ardav\miniconda3\envs\vsc\Lib\site-packages\sklearn\pipeline.py", line 905, in transform
    Xt = transform.transform(Xt, **routed_params[name].transform)
         ^^^^^^^^^^^^^^^^^^^^^^^^^^^^^^^^^^^^^^^^^^^^^^^^^^^^^^^^
  File "C:\Users\ardav\miniconda3\envs\vsc\Lib\site-packages\sklearn\utils\_set_output.py", line 295, in wrapped
    data_to_wrap = f(self, X, *args, **kwargs)
                   ^^^^^^^^^^^^^^^^^^^^^^^^^^^
  File "D:\dave-workspace\breathelytics_clean\breathelytics\src\breathelytics-backend\pipeline.py", line 208, in transform
    raise ValueError(f"Feature extraction failed for {filename}: {str(e)}")
ValueError: Feature extraction failed for 70828917-7f11-48ea-857c-9c0cac4a39ea.wav: Frequency band exceeds Nyquist. Reduce either fmin or n_bands.
2025-05-31 22:05:20,628 - breathelytics - ERROR - Prediction failed: Prediction failed: Feature extraction failed for 70828917-7f11-48ea-857c-9c0cac4a39ea.wav: Frequency band exceeds Nyquist. Reduce either fmin or n_bands.
Traceback (most recent call last):
  File "D:\dave-workspace\breathelytics_clean\breathelytics\src\breathelytics-backend\pipeline.py", line 193, in transform
    file_features['spectral_contrast'] = librosa.feature.spectral_contrast(y=y_audio, sr=sr)
                                         ^^^^^^^^^^^^^^^^^^^^^^^^^^^^^^^^^^^^^^^^^^^^^^^^^^^
  File "C:\Users\ardav\miniconda3\envs\vsc\Lib\site-packages\librosa\feature\spectral.py", line 489, in spectral_contrast
    raise ParameterError(
librosa.util.exceptions.ParameterError: Frequency band exceeds Nyquist. Reduce either fmin or n_bands.

During handling of the above exception, another exception occurred:

Traceback (most recent call last):
  File "D:\dave-workspace\breathelytics_clean\breathelytics\src\breathelytics-backend\pipeline.py", line 338, in predict_respiratory_condition
    features_df = preprocessing_pipeline.transform([wav_file_path])
                  ^^^^^^^^^^^^^^^^^^^^^^^^^^^^^^^^^^^^^^^^^^^^^^^^^
  File "C:\Users\ardav\miniconda3\envs\vsc\Lib\site-packages\sklearn\pipeline.py", line 905, in transform
    Xt = transform.transform(Xt, **routed_params[name].transform)
         ^^^^^^^^^^^^^^^^^^^^^^^^^^^^^^^^^^^^^^^^^^^^^^^^^^^^^^^^
  File "C:\Users\ardav\miniconda3\envs\vsc\Lib\site-packages\sklearn\utils\_set_output.py", line 295, in wrapped
    data_to_wrap = f(self, X, *args, **kwargs)
                   ^^^^^^^^^^^^^^^^^^^^^^^^^^^
  File "D:\dave-workspace\breathelytics_clean\breathelytics\src\breathelytics-backend\pipeline.py", line 208, in transform
    raise ValueError(f"Feature extraction failed for {filename}: {str(e)}")
ValueError: Feature extraction failed for 70828917-7f11-48ea-857c-9c0cac4a39ea.wav: Frequency band exceeds Nyquist. Reduce either fmin or n_bands.

During handling of the above exception, another exception occurred:

Traceback (most recent call last):
  File "D:\dave-workspace\breathelytics_clean\breathelytics\src\breathelytics-backend\app.py", line 138, in predict_respiratory_disease
    prediction_result = predict_respiratory_condition(temp_file_path, model_path)
                        ^^^^^^^^^^^^^^^^^^^^^^^^^^^^^^^^^^^^^^^^^^^^^^^^^^^^^^^^^
  File "D:\dave-workspace\breathelytics_clean\breathelytics\src\breathelytics-backend\pipeline.py", line 383, in predict_respiratory_condition
    raise ValueError(f"Prediction failed: {str(e)}")
ValueError: Prediction failed: Feature extraction failed for 70828917-7f11-48ea-857c-9c0cac4a39ea.wav: Frequency band exceeds Nyquist. Reduce either fmin or n_bands.
2025-05-31 22:05:28,854 - breathelytics - INFO - Saved uploaded file to: D:\dave-workspace\breathelytics_clean\breathelytics\src\breathelytics-backend\temp\ae70a2c6-10aa-4462-9c4e-f54a810ce39d.wav
2025-05-31 22:05:28,855 - breathelytics - INFO - Starting prediction process...
2025-05-31 22:05:28,855 - breathelytics - INFO - Loading model from: D:\dave-workspace\breathelytics_clean\breathelytics\src\breathelytics-backend\respiratory_classifier.pkl
2025-05-31 22:05:28,898 - breathelytics - INFO - Created respiratory pipeline with 4 steps
2025-05-31 22:05:28,898 - breathelytics - INFO - Processing audio file: D:\dave-workspace\breathelytics_clean\breathelytics\src\breathelytics-backend\temp\ae70a2c6-10aa-4462-9c4e-f54a810ce39d.wav
2025-05-31 22:05:29,105 - breathelytics - INFO - Feature statistics calculated. Shape: (1, 30)
2025-05-31 22:05:29,163 - breathelytics - INFO - Prediction completed: Pneumonia (confidence: 29.70%) in 0.31s
2025-05-31 22:05:29,163 - breathelytics - INFO - Prediction completed: Pneumonia (confidence: 29.70%)
2025-05-31 22:05:30,296 - breathelytics - INFO - Saved uploaded file to: D:\dave-workspace\breathelytics_clean\breathelytics\src\breathelytics-backend\temp\d5c80876-73aa-4bd9-8d33-acf55866d228.wav
2025-05-31 22:05:30,296 - breathelytics - INFO - Starting prediction process...
2025-05-31 22:05:30,297 - breathelytics - INFO - Loading model from: D:\dave-workspace\breathelytics_clean\breathelytics\src\breathelytics-backend\respiratory_classifier.pkl
2025-05-31 22:05:30,338 - breathelytics - INFO - Created respiratory pipeline with 4 steps
2025-05-31 22:05:30,338 - breathelytics - INFO - Processing audio file: D:\dave-workspace\breathelytics_clean\breathelytics\src\breathelytics-backend\temp\d5c80876-73aa-4bd9-8d33-acf55866d228.wav
2025-05-31 22:05:30,535 - breathelytics - INFO - Feature statistics calculated. Shape: (1, 30)
2025-05-31 22:05:30,595 - breathelytics - INFO - Prediction completed: Pneumonia (confidence: 29.70%) in 0.30s
2025-05-31 22:05:30,595 - breathelytics - INFO - Prediction completed: Pneumonia (confidence: 29.70%)
2025-05-31 22:06:42,225 - breathelytics - INFO - Saved uploaded file to: D:\dave-workspace\breathelytics_clean\breathelytics\src\breathelytics-backend\temp\79240ae0-de2c-4c14-95d3-48a98adedd7f.wav
2025-05-31 22:06:42,226 - breathelytics - INFO - Starting prediction process...
2025-05-31 22:06:42,227 - breathelytics - INFO - Loading model from: D:\dave-workspace\breathelytics_clean\breathelytics\src\breathelytics-backend\respiratory_classifier.pkl
2025-05-31 22:06:42,276 - breathelytics - INFO - Created respiratory pipeline with 4 steps
2025-05-31 22:06:42,277 - breathelytics - INFO - Processing audio file: D:\dave-workspace\breathelytics_clean\breathelytics\src\breathelytics-backend\temp\79240ae0-de2c-4c14-95d3-48a98adedd7f.wav
2025-05-31 22:06:42,494 - breathelytics - INFO - Feature statistics calculated. Shape: (1, 30)
2025-05-31 22:06:42,554 - breathelytics - INFO - Prediction completed: Pneumonia (confidence: 29.70%) in 0.33s
2025-05-31 22:06:42,555 - breathelytics - INFO - Prediction completed: Pneumonia (confidence: 29.70%)
2025-05-31 22:06:43,688 - breathelytics - INFO - Saved uploaded file to: D:\dave-workspace\breathelytics_clean\breathelytics\src\breathelytics-backend\temp\1eeb7a96-232b-4520-aa31-3f72bc08a28e.wav
2025-05-31 22:06:43,688 - breathelytics - INFO - Starting prediction process...
2025-05-31 22:06:43,689 - breathelytics - INFO - Loading model from: D:\dave-workspace\breathelytics_clean\breathelytics\src\breathelytics-backend\respiratory_classifier.pkl
2025-05-31 22:06:43,731 - breathelytics - INFO - Created respiratory pipeline with 4 steps
2025-05-31 22:06:43,732 - breathelytics - INFO - Processing audio file: D:\dave-workspace\breathelytics_clean\breathelytics\src\breathelytics-backend\temp\1eeb7a96-232b-4520-aa31-3f72bc08a28e.wav
2025-05-31 22:06:43,927 - breathelytics - INFO - Feature statistics calculated. Shape: (1, 30)
2025-05-31 22:06:43,984 - breathelytics - INFO - Prediction completed: Pneumonia (confidence: 29.70%) in 0.30s
2025-05-31 22:06:43,985 - breathelytics - INFO - Prediction completed: Pneumonia (confidence: 29.70%)
2025-05-31 22:08:38,429 - breathelytics - INFO - Saved uploaded file to: D:\dave-workspace\breathelytics_clean\breathelytics\src\breathelytics-backend\temp\4e3f88a4-7708-4422-a3cd-12543221686e.wav
2025-05-31 22:08:38,429 - breathelytics - INFO - Starting prediction process...
2025-05-31 22:08:38,430 - breathelytics - INFO - Loading model from: D:\dave-workspace\breathelytics_clean\breathelytics\src\breathelytics-backend\respiratory_classifier.pkl
2025-05-31 22:08:38,477 - breathelytics - INFO - Created respiratory pipeline with 4 steps
2025-05-31 22:08:38,478 - breathelytics - INFO - Processing audio file: D:\dave-workspace\breathelytics_clean\breathelytics\src\breathelytics-backend\temp\4e3f88a4-7708-4422-a3cd-12543221686e.wav
2025-05-31 22:08:38,687 - breathelytics - INFO - Feature statistics calculated. Shape: (1, 30)
2025-05-31 22:08:38,761 - breathelytics - INFO - Prediction completed: Pneumonia (confidence: 29.70%) in 0.33s
2025-05-31 22:08:38,761 - breathelytics - INFO - Prediction completed: Pneumonia (confidence: 29.70%)
2025-05-31 22:08:39,893 - breathelytics - INFO - Saved uploaded file to: D:\dave-workspace\breathelytics_clean\breathelytics\src\breathelytics-backend\temp\8953ec20-e763-4ab9-b45e-5f700428ef9c.wav
2025-05-31 22:08:39,893 - breathelytics - INFO - Starting prediction process...
2025-05-31 22:08:39,894 - breathelytics - INFO - Loading model from: D:\dave-workspace\breathelytics_clean\breathelytics\src\breathelytics-backend\respiratory_classifier.pkl
2025-05-31 22:08:40,016 - breathelytics - INFO - Created respiratory pipeline with 4 steps
2025-05-31 22:08:40,016 - breathelytics - INFO - Processing audio file: D:\dave-workspace\breathelytics_clean\breathelytics\src\breathelytics-backend\temp\8953ec20-e763-4ab9-b45e-5f700428ef9c.wav
2025-05-31 22:08:40,208 - breathelytics - INFO - Feature statistics calculated. Shape: (1, 30)
2025-05-31 22:08:40,269 - breathelytics - INFO - Prediction completed: Pneumonia (confidence: 29.70%) in 0.38s
2025-05-31 22:08:40,270 - breathelytics - INFO - Prediction completed: Pneumonia (confidence: 29.70%)
2025-05-31 22:09:04,923 - breathelytics - INFO - Saved uploaded file to: D:\dave-workspace\breathelytics_clean\breathelytics\src\breathelytics-backend\temp\bd9b9cb7-1c9d-4ed3-95b4-adcaca73c4bd.wav
2025-05-31 22:09:04,924 - breathelytics - INFO - Starting prediction process...
2025-05-31 22:09:04,924 - breathelytics - INFO - Loading model from: D:\dave-workspace\breathelytics_clean\breathelytics\src\breathelytics-backend\respiratory_classifier.pkl
2025-05-31 22:09:04,965 - breathelytics - INFO - Created respiratory pipeline with 4 steps
2025-05-31 22:09:04,966 - breathelytics - INFO - Processing audio file: D:\dave-workspace\breathelytics_clean\breathelytics\src\breathelytics-backend\temp\bd9b9cb7-1c9d-4ed3-95b4-adcaca73c4bd.wav
2025-05-31 22:09:05,178 - breathelytics - INFO - Feature statistics calculated. Shape: (1, 30)
2025-05-31 22:09:05,239 - breathelytics - INFO - Prediction completed: Pneumonia (confidence: 29.70%) in 0.32s
2025-05-31 22:09:05,241 - breathelytics - INFO - Prediction completed: Pneumonia (confidence: 29.70%)
2025-05-31 22:09:06,374 - breathelytics - INFO - Saved uploaded file to: D:\dave-workspace\breathelytics_clean\breathelytics\src\breathelytics-backend\temp\482c04c8-ba22-4d78-8a76-9b0b697294fc.wav
2025-05-31 22:09:06,374 - breathelytics - INFO - Starting prediction process...
2025-05-31 22:09:06,375 - breathelytics - INFO - Loading model from: D:\dave-workspace\breathelytics_clean\breathelytics\src\breathelytics-backend\respiratory_classifier.pkl
2025-05-31 22:09:06,419 - breathelytics - INFO - Created respiratory pipeline with 4 steps
2025-05-31 22:09:06,419 - breathelytics - INFO - Processing audio file: D:\dave-workspace\breathelytics_clean\breathelytics\src\breathelytics-backend\temp\482c04c8-ba22-4d78-8a76-9b0b697294fc.wav
2025-05-31 22:09:06,618 - breathelytics - INFO - Feature statistics calculated. Shape: (1, 30)
2025-05-31 22:09:06,676 - breathelytics - INFO - Prediction completed: Pneumonia (confidence: 29.70%) in 0.30s
2025-05-31 22:09:06,677 - breathelytics - INFO - Prediction completed: Pneumonia (confidence: 29.70%)
2025-05-31 22:10:54,248 - breathelytics - INFO - Saved uploaded file to: D:\dave-workspace\breathelytics_clean\breathelytics\src\breathelytics-backend\temp\007cfd53-af17-4a79-97b7-17a21c75502a.wav
2025-05-31 22:10:54,249 - breathelytics - INFO - Starting prediction process...
2025-05-31 22:10:54,249 - breathelytics - INFO - Loading model from: D:\dave-workspace\breathelytics_clean\breathelytics\src\breathelytics-backend\respiratory_classifier.pkl
2025-05-31 22:10:54,300 - breathelytics - INFO - Created respiratory pipeline with 4 steps
2025-05-31 22:10:54,300 - breathelytics - INFO - Processing audio file: D:\dave-workspace\breathelytics_clean\breathelytics\src\breathelytics-backend\temp\007cfd53-af17-4a79-97b7-17a21c75502a.wav
2025-05-31 22:10:54,512 - breathelytics - INFO - Feature statistics calculated. Shape: (1, 30)
2025-05-31 22:10:54,569 - breathelytics - INFO - Prediction completed: Healthy (confidence: 30.26%) in 0.32s
2025-05-31 22:10:54,570 - breathelytics - INFO - Prediction completed: Healthy (confidence: 30.26%)
2025-05-31 22:10:55,691 - breathelytics - INFO - Saved uploaded file to: D:\dave-workspace\breathelytics_clean\breathelytics\src\breathelytics-backend\temp\fb91180f-ba10-4c9d-a7ae-a512f270ee43.wav
2025-05-31 22:10:55,692 - breathelytics - INFO - Starting prediction process...
2025-05-31 22:10:55,692 - breathelytics - INFO - Loading model from: D:\dave-workspace\breathelytics_clean\breathelytics\src\breathelytics-backend\respiratory_classifier.pkl
2025-05-31 22:10:55,733 - breathelytics - INFO - Created respiratory pipeline with 4 steps
2025-05-31 22:10:55,733 - breathelytics - INFO - Processing audio file: D:\dave-workspace\breathelytics_clean\breathelytics\src\breathelytics-backend\temp\fb91180f-ba10-4c9d-a7ae-a512f270ee43.wav
2025-05-31 22:10:55,949 - breathelytics - INFO - Feature statistics calculated. Shape: (1, 30)
2025-05-31 22:10:56,007 - breathelytics - INFO - Prediction completed: Healthy (confidence: 30.26%) in 0.32s
2025-05-31 22:10:56,007 - breathelytics - INFO - Prediction completed: Healthy (confidence: 30.26%)
2025-05-31 22:12:30,084 - breathelytics - INFO - Saved uploaded file to: D:\dave-workspace\breathelytics_clean\breathelytics\src\breathelytics-backend\temp\51bb5fbd-e4d4-4108-8ecf-4fce1bef99e1.wav
2025-05-31 22:12:30,084 - breathelytics - INFO - Starting prediction process...
2025-05-31 22:12:30,085 - breathelytics - INFO - Loading model from: D:\dave-workspace\breathelytics_clean\breathelytics\src\breathelytics-backend\respiratory_classifier.pkl
2025-05-31 22:12:30,130 - breathelytics - INFO - Created respiratory pipeline with 4 steps
2025-05-31 22:12:30,130 - breathelytics - INFO - Processing audio file: D:\dave-workspace\breathelytics_clean\breathelytics\src\breathelytics-backend\temp\51bb5fbd-e4d4-4108-8ecf-4fce1bef99e1.wav
2025-05-31 22:12:30,370 - breathelytics - INFO - Feature statistics calculated. Shape: (1, 30)
2025-05-31 22:12:30,427 - breathelytics - INFO - Prediction completed: Pneumonia (confidence: 29.70%) in 0.34s
2025-05-31 22:12:30,428 - breathelytics - INFO - Prediction completed: Pneumonia (confidence: 29.70%)
2025-05-31 22:12:31,251 - breathelytics - INFO - Saved uploaded file to: D:\dave-workspace\breathelytics_clean\breathelytics\src\breathelytics-backend\temp\53cd3535-883e-4bf3-ab05-2b9514a92c38.wav
2025-05-31 22:12:31,252 - breathelytics - INFO - Starting prediction process...
2025-05-31 22:12:31,252 - breathelytics - INFO - Loading model from: D:\dave-workspace\breathelytics_clean\breathelytics\src\breathelytics-backend\respiratory_classifier.pkl
2025-05-31 22:12:31,317 - breathelytics - INFO - Created respiratory pipeline with 4 steps
2025-05-31 22:12:31,317 - breathelytics - INFO - Processing audio file: D:\dave-workspace\breathelytics_clean\breathelytics\src\breathelytics-backend\temp\53cd3535-883e-4bf3-ab05-2b9514a92c38.wav
2025-05-31 22:12:31,548 - breathelytics - INFO - Feature statistics calculated. Shape: (1, 30)
2025-05-31 22:12:31,606 - breathelytics - INFO - Prediction completed: Pneumonia (confidence: 29.70%) in 0.35s
2025-05-31 22:12:31,607 - breathelytics - INFO - Prediction completed: Pneumonia (confidence: 29.70%)
2025-05-31 22:12:46,984 - breathelytics - INFO - Saved uploaded file to: D:\dave-workspace\breathelytics_clean\breathelytics\src\breathelytics-backend\temp\886eb917-344a-4405-bb3f-9383c2128725.wav
2025-05-31 22:12:46,984 - breathelytics - INFO - Starting prediction process...
2025-05-31 22:12:46,984 - breathelytics - INFO - Loading model from: D:\dave-workspace\breathelytics_clean\breathelytics\src\breathelytics-backend\respiratory_classifier.pkl
2025-05-31 22:12:47,028 - breathelytics - INFO - Created respiratory pipeline with 4 steps
2025-05-31 22:12:47,029 - breathelytics - INFO - Processing audio file: D:\dave-workspace\breathelytics_clean\breathelytics\src\breathelytics-backend\temp\886eb917-344a-4405-bb3f-9383c2128725.wav
2025-05-31 22:12:47,255 - breathelytics - INFO - Feature statistics calculated. Shape: (1, 30)
2025-05-31 22:12:47,314 - breathelytics - INFO - Prediction completed: Pneumonia (confidence: 29.70%) in 0.33s
2025-05-31 22:12:47,315 - breathelytics - INFO - Prediction completed: Pneumonia (confidence: 29.70%)
2025-05-31 22:12:48,442 - breathelytics - INFO - Saved uploaded file to: D:\dave-workspace\breathelytics_clean\breathelytics\src\breathelytics-backend\temp\f143eb20-cb10-4313-9ea8-968bc0b08cc8.wav
2025-05-31 22:12:48,442 - breathelytics - INFO - Starting prediction process...
2025-05-31 22:12:48,442 - breathelytics - INFO - Loading model from: D:\dave-workspace\breathelytics_clean\breathelytics\src\breathelytics-backend\respiratory_classifier.pkl
2025-05-31 22:12:48,485 - breathelytics - INFO - Created respiratory pipeline with 4 steps
2025-05-31 22:12:48,486 - breathelytics - INFO - Processing audio file: D:\dave-workspace\breathelytics_clean\breathelytics\src\breathelytics-backend\temp\f143eb20-cb10-4313-9ea8-968bc0b08cc8.wav
2025-05-31 22:12:48,695 - breathelytics - INFO - Feature statistics calculated. Shape: (1, 30)
2025-05-31 22:12:48,753 - breathelytics - INFO - Prediction completed: Pneumonia (confidence: 29.70%) in 0.31s
2025-05-31 22:12:48,754 - breathelytics - INFO - Prediction completed: Pneumonia (confidence: 29.70%)
2025-05-31 22:14:09,716 - breathelytics - INFO - Saved uploaded file to: D:\dave-workspace\breathelytics_clean\breathelytics\src\breathelytics-backend\temp\9e7a1c25-59ba-48ac-8bce-957dd0b0d7af.wav
2025-05-31 22:14:09,717 - breathelytics - INFO - Starting prediction process...
2025-05-31 22:14:09,717 - breathelytics - INFO - Loading model from: D:\dave-workspace\breathelytics_clean\breathelytics\src\breathelytics-backend\respiratory_classifier.pkl
2025-05-31 22:14:09,773 - breathelytics - INFO - Created respiratory pipeline with 4 steps
2025-05-31 22:14:09,774 - breathelytics - INFO - Processing audio file: D:\dave-workspace\breathelytics_clean\breathelytics\src\breathelytics-backend\temp\9e7a1c25-59ba-48ac-8bce-957dd0b0d7af.wav
2025-05-31 22:14:09,795 - breathelytics - ERROR - Feature extraction failed for 9e7a1c25-59ba-48ac-8bce-957dd0b0d7af.wav: Frequency band exceeds Nyquist. Reduce either fmin or n_bands.
2025-05-31 22:14:09,796 - breathelytics - ERROR - Prediction failed: Feature extraction failed for 9e7a1c25-59ba-48ac-8bce-957dd0b0d7af.wav: Frequency band exceeds Nyquist. Reduce either fmin or n_bands.
Traceback (most recent call last):
  File "D:\dave-workspace\breathelytics_clean\breathelytics\src\breathelytics-backend\pipeline.py", line 193, in transform
    file_features['spectral_contrast'] = librosa.feature.spectral_contrast(y=y_audio, sr=sr)
                                         ^^^^^^^^^^^^^^^^^^^^^^^^^^^^^^^^^^^^^^^^^^^^^^^^^^^
  File "C:\Users\ardav\miniconda3\envs\vsc\Lib\site-packages\librosa\feature\spectral.py", line 489, in spectral_contrast
    raise ParameterError(
librosa.util.exceptions.ParameterError: Frequency band exceeds Nyquist. Reduce either fmin or n_bands.

During handling of the above exception, another exception occurred:

Traceback (most recent call last):
  File "D:\dave-workspace\breathelytics_clean\breathelytics\src\breathelytics-backend\pipeline.py", line 338, in predict_respiratory_condition
    features_df = preprocessing_pipeline.transform([wav_file_path])
                  ^^^^^^^^^^^^^^^^^^^^^^^^^^^^^^^^^^^^^^^^^^^^^^^^^
  File "C:\Users\ardav\miniconda3\envs\vsc\Lib\site-packages\sklearn\pipeline.py", line 905, in transform
    Xt = transform.transform(Xt, **routed_params[name].transform)
         ^^^^^^^^^^^^^^^^^^^^^^^^^^^^^^^^^^^^^^^^^^^^^^^^^^^^^^^^
  File "C:\Users\ardav\miniconda3\envs\vsc\Lib\site-packages\sklearn\utils\_set_output.py", line 295, in wrapped
    data_to_wrap = f(self, X, *args, **kwargs)
                   ^^^^^^^^^^^^^^^^^^^^^^^^^^^
  File "D:\dave-workspace\breathelytics_clean\breathelytics\src\breathelytics-backend\pipeline.py", line 208, in transform
    raise ValueError(f"Feature extraction failed for {filename}: {str(e)}")
ValueError: Feature extraction failed for 9e7a1c25-59ba-48ac-8bce-957dd0b0d7af.wav: Frequency band exceeds Nyquist. Reduce either fmin or n_bands.
2025-05-31 22:14:09,798 - breathelytics - ERROR - Prediction failed: Prediction failed: Feature extraction failed for 9e7a1c25-59ba-48ac-8bce-957dd0b0d7af.wav: Frequency band exceeds Nyquist. Reduce either fmin or n_bands.
Traceback (most recent call last):
  File "D:\dave-workspace\breathelytics_clean\breathelytics\src\breathelytics-backend\pipeline.py", line 193, in transform
    file_features['spectral_contrast'] = librosa.feature.spectral_contrast(y=y_audio, sr=sr)
                                         ^^^^^^^^^^^^^^^^^^^^^^^^^^^^^^^^^^^^^^^^^^^^^^^^^^^
  File "C:\Users\ardav\miniconda3\envs\vsc\Lib\site-packages\librosa\feature\spectral.py", line 489, in spectral_contrast
    raise ParameterError(
librosa.util.exceptions.ParameterError: Frequency band exceeds Nyquist. Reduce either fmin or n_bands.

During handling of the above exception, another exception occurred:

Traceback (most recent call last):
  File "D:\dave-workspace\breathelytics_clean\breathelytics\src\breathelytics-backend\pipeline.py", line 338, in predict_respiratory_condition
    features_df = preprocessing_pipeline.transform([wav_file_path])
                  ^^^^^^^^^^^^^^^^^^^^^^^^^^^^^^^^^^^^^^^^^^^^^^^^^
  File "C:\Users\ardav\miniconda3\envs\vsc\Lib\site-packages\sklearn\pipeline.py", line 905, in transform
    Xt = transform.transform(Xt, **routed_params[name].transform)
         ^^^^^^^^^^^^^^^^^^^^^^^^^^^^^^^^^^^^^^^^^^^^^^^^^^^^^^^^
  File "C:\Users\ardav\miniconda3\envs\vsc\Lib\site-packages\sklearn\utils\_set_output.py", line 295, in wrapped
    data_to_wrap = f(self, X, *args, **kwargs)
                   ^^^^^^^^^^^^^^^^^^^^^^^^^^^
  File "D:\dave-workspace\breathelytics_clean\breathelytics\src\breathelytics-backend\pipeline.py", line 208, in transform
    raise ValueError(f"Feature extraction failed for {filename}: {str(e)}")
ValueError: Feature extraction failed for 9e7a1c25-59ba-48ac-8bce-957dd0b0d7af.wav: Frequency band exceeds Nyquist. Reduce either fmin or n_bands.

During handling of the above exception, another exception occurred:

Traceback (most recent call last):
  File "D:\dave-workspace\breathelytics_clean\breathelytics\src\breathelytics-backend\app.py", line 138, in predict_respiratory_disease
    prediction_result = predict_respiratory_condition(temp_file_path, model_path)
                        ^^^^^^^^^^^^^^^^^^^^^^^^^^^^^^^^^^^^^^^^^^^^^^^^^^^^^^^^^
  File "D:\dave-workspace\breathelytics_clean\breathelytics\src\breathelytics-backend\pipeline.py", line 383, in predict_respiratory_condition
    raise ValueError(f"Prediction failed: {str(e)}")
ValueError: Prediction failed: Feature extraction failed for 9e7a1c25-59ba-48ac-8bce-957dd0b0d7af.wav: Frequency band exceeds Nyquist. Reduce either fmin or n_bands.
2025-05-31 22:14:10,924 - breathelytics - INFO - Saved uploaded file to: D:\dave-workspace\breathelytics_clean\breathelytics\src\breathelytics-backend\temp\1c64201d-e161-43fe-9f3c-7dc78584ce3d.wav
2025-05-31 22:14:10,925 - breathelytics - INFO - Starting prediction process...
2025-05-31 22:14:10,925 - breathelytics - INFO - Loading model from: D:\dave-workspace\breathelytics_clean\breathelytics\src\breathelytics-backend\respiratory_classifier.pkl
2025-05-31 22:14:10,966 - breathelytics - INFO - Created respiratory pipeline with 4 steps
2025-05-31 22:14:10,967 - breathelytics - INFO - Processing audio file: D:\dave-workspace\breathelytics_clean\breathelytics\src\breathelytics-backend\temp\1c64201d-e161-43fe-9f3c-7dc78584ce3d.wav
2025-05-31 22:14:10,988 - breathelytics - ERROR - Feature extraction failed for 1c64201d-e161-43fe-9f3c-7dc78584ce3d.wav: Frequency band exceeds Nyquist. Reduce either fmin or n_bands.
2025-05-31 22:14:10,989 - breathelytics - ERROR - Prediction failed: Feature extraction failed for 1c64201d-e161-43fe-9f3c-7dc78584ce3d.wav: Frequency band exceeds Nyquist. Reduce either fmin or n_bands.
Traceback (most recent call last):
  File "D:\dave-workspace\breathelytics_clean\breathelytics\src\breathelytics-backend\pipeline.py", line 193, in transform
    file_features['spectral_contrast'] = librosa.feature.spectral_contrast(y=y_audio, sr=sr)
                                         ^^^^^^^^^^^^^^^^^^^^^^^^^^^^^^^^^^^^^^^^^^^^^^^^^^^
  File "C:\Users\ardav\miniconda3\envs\vsc\Lib\site-packages\librosa\feature\spectral.py", line 489, in spectral_contrast
    raise ParameterError(
librosa.util.exceptions.ParameterError: Frequency band exceeds Nyquist. Reduce either fmin or n_bands.

During handling of the above exception, another exception occurred:

Traceback (most recent call last):
  File "D:\dave-workspace\breathelytics_clean\breathelytics\src\breathelytics-backend\pipeline.py", line 338, in predict_respiratory_condition
    features_df = preprocessing_pipeline.transform([wav_file_path])
                  ^^^^^^^^^^^^^^^^^^^^^^^^^^^^^^^^^^^^^^^^^^^^^^^^^
  File "C:\Users\ardav\miniconda3\envs\vsc\Lib\site-packages\sklearn\pipeline.py", line 905, in transform
    Xt = transform.transform(Xt, **routed_params[name].transform)
         ^^^^^^^^^^^^^^^^^^^^^^^^^^^^^^^^^^^^^^^^^^^^^^^^^^^^^^^^
  File "C:\Users\ardav\miniconda3\envs\vsc\Lib\site-packages\sklearn\utils\_set_output.py", line 295, in wrapped
    data_to_wrap = f(self, X, *args, **kwargs)
                   ^^^^^^^^^^^^^^^^^^^^^^^^^^^
  File "D:\dave-workspace\breathelytics_clean\breathelytics\src\breathelytics-backend\pipeline.py", line 208, in transform
    raise ValueError(f"Feature extraction failed for {filename}: {str(e)}")
ValueError: Feature extraction failed for 1c64201d-e161-43fe-9f3c-7dc78584ce3d.wav: Frequency band exceeds Nyquist. Reduce either fmin or n_bands.
2025-05-31 22:14:10,992 - breathelytics - ERROR - Prediction failed: Prediction failed: Feature extraction failed for 1c64201d-e161-43fe-9f3c-7dc78584ce3d.wav: Frequency band exceeds Nyquist. Reduce either fmin or n_bands.
Traceback (most recent call last):
  File "D:\dave-workspace\breathelytics_clean\breathelytics\src\breathelytics-backend\pipeline.py", line 193, in transform
    file_features['spectral_contrast'] = librosa.feature.spectral_contrast(y=y_audio, sr=sr)
                                         ^^^^^^^^^^^^^^^^^^^^^^^^^^^^^^^^^^^^^^^^^^^^^^^^^^^
  File "C:\Users\ardav\miniconda3\envs\vsc\Lib\site-packages\librosa\feature\spectral.py", line 489, in spectral_contrast
    raise ParameterError(
librosa.util.exceptions.ParameterError: Frequency band exceeds Nyquist. Reduce either fmin or n_bands.

During handling of the above exception, another exception occurred:

Traceback (most recent call last):
  File "D:\dave-workspace\breathelytics_clean\breathelytics\src\breathelytics-backend\pipeline.py", line 338, in predict_respiratory_condition
    features_df = preprocessing_pipeline.transform([wav_file_path])
                  ^^^^^^^^^^^^^^^^^^^^^^^^^^^^^^^^^^^^^^^^^^^^^^^^^
  File "C:\Users\ardav\miniconda3\envs\vsc\Lib\site-packages\sklearn\pipeline.py", line 905, in transform
    Xt = transform.transform(Xt, **routed_params[name].transform)
         ^^^^^^^^^^^^^^^^^^^^^^^^^^^^^^^^^^^^^^^^^^^^^^^^^^^^^^^^
  File "C:\Users\ardav\miniconda3\envs\vsc\Lib\site-packages\sklearn\utils\_set_output.py", line 295, in wrapped
    data_to_wrap = f(self, X, *args, **kwargs)
                   ^^^^^^^^^^^^^^^^^^^^^^^^^^^
  File "D:\dave-workspace\breathelytics_clean\breathelytics\src\breathelytics-backend\pipeline.py", line 208, in transform
    raise ValueError(f"Feature extraction failed for {filename}: {str(e)}")
ValueError: Feature extraction failed for 1c64201d-e161-43fe-9f3c-7dc78584ce3d.wav: Frequency band exceeds Nyquist. Reduce either fmin or n_bands.

During handling of the above exception, another exception occurred:

Traceback (most recent call last):
  File "D:\dave-workspace\breathelytics_clean\breathelytics\src\breathelytics-backend\app.py", line 138, in predict_respiratory_disease
    prediction_result = predict_respiratory_condition(temp_file_path, model_path)
                        ^^^^^^^^^^^^^^^^^^^^^^^^^^^^^^^^^^^^^^^^^^^^^^^^^^^^^^^^^
  File "D:\dave-workspace\breathelytics_clean\breathelytics\src\breathelytics-backend\pipeline.py", line 383, in predict_respiratory_condition
    raise ValueError(f"Prediction failed: {str(e)}")
ValueError: Prediction failed: Feature extraction failed for 1c64201d-e161-43fe-9f3c-7dc78584ce3d.wav: Frequency band exceeds Nyquist. Reduce either fmin or n_bands.
2025-05-31 22:14:20,170 - breathelytics - INFO - Saved uploaded file to: D:\dave-workspace\breathelytics_clean\breathelytics\src\breathelytics-backend\temp\725b040f-bfd4-47d6-b01f-94fb3281aacb.wav
2025-05-31 22:14:20,170 - breathelytics - INFO - Starting prediction process...
2025-05-31 22:14:20,170 - breathelytics - INFO - Loading model from: D:\dave-workspace\breathelytics_clean\breathelytics\src\breathelytics-backend\respiratory_classifier.pkl
2025-05-31 22:14:20,220 - breathelytics - INFO - Created respiratory pipeline with 4 steps
2025-05-31 22:14:20,220 - breathelytics - INFO - Processing audio file: D:\dave-workspace\breathelytics_clean\breathelytics\src\breathelytics-backend\temp\725b040f-bfd4-47d6-b01f-94fb3281aacb.wav
2025-05-31 22:14:20,443 - breathelytics - INFO - Feature statistics calculated. Shape: (1, 30)
2025-05-31 22:14:20,501 - breathelytics - INFO - Prediction completed: Pneumonia (confidence: 29.70%) in 0.33s
2025-05-31 22:14:20,502 - breathelytics - INFO - Prediction completed: Pneumonia (confidence: 29.70%)
2025-05-31 22:14:21,633 - breathelytics - INFO - Saved uploaded file to: D:\dave-workspace\breathelytics_clean\breathelytics\src\breathelytics-backend\temp\4eaa3a93-846e-4d2c-a2c2-97c67d2d0fa4.wav
2025-05-31 22:14:21,633 - breathelytics - INFO - Starting prediction process...
2025-05-31 22:14:21,634 - breathelytics - INFO - Loading model from: D:\dave-workspace\breathelytics_clean\breathelytics\src\breathelytics-backend\respiratory_classifier.pkl
2025-05-31 22:14:21,680 - breathelytics - INFO - Created respiratory pipeline with 4 steps
2025-05-31 22:14:21,681 - breathelytics - INFO - Processing audio file: D:\dave-workspace\breathelytics_clean\breathelytics\src\breathelytics-backend\temp\4eaa3a93-846e-4d2c-a2c2-97c67d2d0fa4.wav
2025-05-31 22:14:21,907 - breathelytics - INFO - Feature statistics calculated. Shape: (1, 30)
2025-05-31 22:14:21,966 - breathelytics - INFO - Prediction completed: Pneumonia (confidence: 29.70%) in 0.33s
2025-05-31 22:14:21,966 - breathelytics - INFO - Prediction completed: Pneumonia (confidence: 29.70%)
2025-05-31 22:17:12,820 - breathelytics - INFO - Saved uploaded file to: D:\dave-workspace\breathelytics_clean\breathelytics\src\breathelytics-backend\temp\31bcca70-378e-46ce-97e4-c1788d86cfb1.wav
2025-05-31 22:17:12,821 - breathelytics - INFO - Starting prediction process...
2025-05-31 22:17:12,821 - breathelytics - INFO - Loading model from: D:\dave-workspace\breathelytics_clean\breathelytics\src\breathelytics-backend\respiratory_classifier.pkl
2025-05-31 22:17:12,872 - breathelytics - INFO - Created respiratory pipeline with 4 steps
2025-05-31 22:17:12,873 - breathelytics - INFO - Processing audio file: D:\dave-workspace\breathelytics_clean\breathelytics\src\breathelytics-backend\temp\31bcca70-378e-46ce-97e4-c1788d86cfb1.wav
2025-05-31 22:17:13,111 - breathelytics - INFO - Feature statistics calculated. Shape: (1, 30)
2025-05-31 22:17:13,201 - breathelytics - INFO - Prediction completed: Pneumonia (confidence: 29.70%) in 0.38s
2025-05-31 22:17:13,202 - breathelytics - INFO - Prediction completed: Pneumonia (confidence: 29.70%)
2025-05-31 22:17:14,342 - breathelytics - INFO - Saved uploaded file to: D:\dave-workspace\breathelytics_clean\breathelytics\src\breathelytics-backend\temp\1a01df0e-902a-4015-a070-524a2c21c137.wav
2025-05-31 22:17:14,342 - breathelytics - INFO - Starting prediction process...
2025-05-31 22:17:14,344 - breathelytics - INFO - Loading model from: D:\dave-workspace\breathelytics_clean\breathelytics\src\breathelytics-backend\respiratory_classifier.pkl
2025-05-31 22:17:14,397 - breathelytics - INFO - Created respiratory pipeline with 4 steps
2025-05-31 22:17:14,397 - breathelytics - INFO - Processing audio file: D:\dave-workspace\breathelytics_clean\breathelytics\src\breathelytics-backend\temp\1a01df0e-902a-4015-a070-524a2c21c137.wav
2025-05-31 22:17:14,659 - breathelytics - INFO - Feature statistics calculated. Shape: (1, 30)
2025-05-31 22:17:14,750 - breathelytics - INFO - Prediction completed: Pneumonia (confidence: 29.70%) in 0.41s
2025-05-31 22:17:14,751 - breathelytics - INFO - Prediction completed: Pneumonia (confidence: 29.70%)
2025-05-31 22:17:31,992 - breathelytics - INFO - Saved uploaded file to: D:\dave-workspace\breathelytics_clean\breathelytics\src\breathelytics-backend\temp\ec58205b-d79b-4857-9a25-50fd73316c4d.wav
2025-05-31 22:17:31,992 - breathelytics - INFO - Starting prediction process...
2025-05-31 22:17:31,993 - breathelytics - INFO - Loading model from: D:\dave-workspace\breathelytics_clean\breathelytics\src\breathelytics-backend\respiratory_classifier.pkl
2025-05-31 22:17:32,049 - breathelytics - INFO - Created respiratory pipeline with 4 steps
2025-05-31 22:17:32,050 - breathelytics - INFO - Processing audio file: D:\dave-workspace\breathelytics_clean\breathelytics\src\breathelytics-backend\temp\ec58205b-d79b-4857-9a25-50fd73316c4d.wav
2025-05-31 22:17:32,077 - breathelytics - ERROR - Feature extraction failed for ec58205b-d79b-4857-9a25-50fd73316c4d.wav: Frequency band exceeds Nyquist. Reduce either fmin or n_bands.
2025-05-31 22:17:32,078 - breathelytics - ERROR - Prediction failed: Feature extraction failed for ec58205b-d79b-4857-9a25-50fd73316c4d.wav: Frequency band exceeds Nyquist. Reduce either fmin or n_bands.
Traceback (most recent call last):
  File "D:\dave-workspace\breathelytics_clean\breathelytics\src\breathelytics-backend\pipeline.py", line 193, in transform
    file_features['spectral_contrast'] = librosa.feature.spectral_contrast(y=y_audio, sr=sr)
                                         ^^^^^^^^^^^^^^^^^^^^^^^^^^^^^^^^^^^^^^^^^^^^^^^^^^^
  File "C:\Users\ardav\miniconda3\envs\vsc\Lib\site-packages\librosa\feature\spectral.py", line 489, in spectral_contrast
    raise ParameterError(
librosa.util.exceptions.ParameterError: Frequency band exceeds Nyquist. Reduce either fmin or n_bands.

During handling of the above exception, another exception occurred:

Traceback (most recent call last):
  File "D:\dave-workspace\breathelytics_clean\breathelytics\src\breathelytics-backend\pipeline.py", line 338, in predict_respiratory_condition
    features_df = preprocessing_pipeline.transform([wav_file_path])
                  ^^^^^^^^^^^^^^^^^^^^^^^^^^^^^^^^^^^^^^^^^^^^^^^^^
  File "C:\Users\ardav\miniconda3\envs\vsc\Lib\site-packages\sklearn\pipeline.py", line 905, in transform
    Xt = transform.transform(Xt, **routed_params[name].transform)
         ^^^^^^^^^^^^^^^^^^^^^^^^^^^^^^^^^^^^^^^^^^^^^^^^^^^^^^^^
  File "C:\Users\ardav\miniconda3\envs\vsc\Lib\site-packages\sklearn\utils\_set_output.py", line 295, in wrapped
    data_to_wrap = f(self, X, *args, **kwargs)
                   ^^^^^^^^^^^^^^^^^^^^^^^^^^^
  File "D:\dave-workspace\breathelytics_clean\breathelytics\src\breathelytics-backend\pipeline.py", line 208, in transform
    raise ValueError(f"Feature extraction failed for {filename}: {str(e)}")
ValueError: Feature extraction failed for ec58205b-d79b-4857-9a25-50fd73316c4d.wav: Frequency band exceeds Nyquist. Reduce either fmin or n_bands.
2025-05-31 22:17:32,081 - breathelytics - ERROR - Prediction failed: Prediction failed: Feature extraction failed for ec58205b-d79b-4857-9a25-50fd73316c4d.wav: Frequency band exceeds Nyquist. Reduce either fmin or n_bands.
Traceback (most recent call last):
  File "D:\dave-workspace\breathelytics_clean\breathelytics\src\breathelytics-backend\pipeline.py", line 193, in transform
    file_features['spectral_contrast'] = librosa.feature.spectral_contrast(y=y_audio, sr=sr)
                                         ^^^^^^^^^^^^^^^^^^^^^^^^^^^^^^^^^^^^^^^^^^^^^^^^^^^
  File "C:\Users\ardav\miniconda3\envs\vsc\Lib\site-packages\librosa\feature\spectral.py", line 489, in spectral_contrast
    raise ParameterError(
librosa.util.exceptions.ParameterError: Frequency band exceeds Nyquist. Reduce either fmin or n_bands.

During handling of the above exception, another exception occurred:

Traceback (most recent call last):
  File "D:\dave-workspace\breathelytics_clean\breathelytics\src\breathelytics-backend\pipeline.py", line 338, in predict_respiratory_condition
    features_df = preprocessing_pipeline.transform([wav_file_path])
                  ^^^^^^^^^^^^^^^^^^^^^^^^^^^^^^^^^^^^^^^^^^^^^^^^^
  File "C:\Users\ardav\miniconda3\envs\vsc\Lib\site-packages\sklearn\pipeline.py", line 905, in transform
    Xt = transform.transform(Xt, **routed_params[name].transform)
         ^^^^^^^^^^^^^^^^^^^^^^^^^^^^^^^^^^^^^^^^^^^^^^^^^^^^^^^^
  File "C:\Users\ardav\miniconda3\envs\vsc\Lib\site-packages\sklearn\utils\_set_output.py", line 295, in wrapped
    data_to_wrap = f(self, X, *args, **kwargs)
                   ^^^^^^^^^^^^^^^^^^^^^^^^^^^
  File "D:\dave-workspace\breathelytics_clean\breathelytics\src\breathelytics-backend\pipeline.py", line 208, in transform
    raise ValueError(f"Feature extraction failed for {filename}: {str(e)}")
ValueError: Feature extraction failed for ec58205b-d79b-4857-9a25-50fd73316c4d.wav: Frequency band exceeds Nyquist. Reduce either fmin or n_bands.

During handling of the above exception, another exception occurred:

Traceback (most recent call last):
  File "D:\dave-workspace\breathelytics_clean\breathelytics\src\breathelytics-backend\app.py", line 138, in predict_respiratory_disease
    prediction_result = predict_respiratory_condition(temp_file_path, model_path)
                        ^^^^^^^^^^^^^^^^^^^^^^^^^^^^^^^^^^^^^^^^^^^^^^^^^^^^^^^^^
  File "D:\dave-workspace\breathelytics_clean\breathelytics\src\breathelytics-backend\pipeline.py", line 383, in predict_respiratory_condition
    raise ValueError(f"Prediction failed: {str(e)}")
ValueError: Prediction failed: Feature extraction failed for ec58205b-d79b-4857-9a25-50fd73316c4d.wav: Frequency band exceeds Nyquist. Reduce either fmin or n_bands.
2025-05-31 22:17:33,207 - breathelytics - INFO - Saved uploaded file to: D:\dave-workspace\breathelytics_clean\breathelytics\src\breathelytics-backend\temp\6183095a-cdb2-4c87-8d1a-828d2102d6df.wav
2025-05-31 22:17:33,208 - breathelytics - INFO - Starting prediction process...
2025-05-31 22:17:33,208 - breathelytics - INFO - Loading model from: D:\dave-workspace\breathelytics_clean\breathelytics\src\breathelytics-backend\respiratory_classifier.pkl
2025-05-31 22:17:33,261 - breathelytics - INFO - Created respiratory pipeline with 4 steps
2025-05-31 22:17:33,261 - breathelytics - INFO - Processing audio file: D:\dave-workspace\breathelytics_clean\breathelytics\src\breathelytics-backend\temp\6183095a-cdb2-4c87-8d1a-828d2102d6df.wav
2025-05-31 22:17:33,293 - breathelytics - ERROR - Feature extraction failed for 6183095a-cdb2-4c87-8d1a-828d2102d6df.wav: Frequency band exceeds Nyquist. Reduce either fmin or n_bands.
2025-05-31 22:17:33,293 - breathelytics - ERROR - Prediction failed: Feature extraction failed for 6183095a-cdb2-4c87-8d1a-828d2102d6df.wav: Frequency band exceeds Nyquist. Reduce either fmin or n_bands.
Traceback (most recent call last):
  File "D:\dave-workspace\breathelytics_clean\breathelytics\src\breathelytics-backend\pipeline.py", line 193, in transform
    file_features['spectral_contrast'] = librosa.feature.spectral_contrast(y=y_audio, sr=sr)
                                         ^^^^^^^^^^^^^^^^^^^^^^^^^^^^^^^^^^^^^^^^^^^^^^^^^^^
  File "C:\Users\ardav\miniconda3\envs\vsc\Lib\site-packages\librosa\feature\spectral.py", line 489, in spectral_contrast
    raise ParameterError(
librosa.util.exceptions.ParameterError: Frequency band exceeds Nyquist. Reduce either fmin or n_bands.

During handling of the above exception, another exception occurred:

Traceback (most recent call last):
  File "D:\dave-workspace\breathelytics_clean\breathelytics\src\breathelytics-backend\pipeline.py", line 338, in predict_respiratory_condition
    features_df = preprocessing_pipeline.transform([wav_file_path])
                  ^^^^^^^^^^^^^^^^^^^^^^^^^^^^^^^^^^^^^^^^^^^^^^^^^
  File "C:\Users\ardav\miniconda3\envs\vsc\Lib\site-packages\sklearn\pipeline.py", line 905, in transform
    Xt = transform.transform(Xt, **routed_params[name].transform)
         ^^^^^^^^^^^^^^^^^^^^^^^^^^^^^^^^^^^^^^^^^^^^^^^^^^^^^^^^
  File "C:\Users\ardav\miniconda3\envs\vsc\Lib\site-packages\sklearn\utils\_set_output.py", line 295, in wrapped
    data_to_wrap = f(self, X, *args, **kwargs)
                   ^^^^^^^^^^^^^^^^^^^^^^^^^^^
  File "D:\dave-workspace\breathelytics_clean\breathelytics\src\breathelytics-backend\pipeline.py", line 208, in transform
    raise ValueError(f"Feature extraction failed for {filename}: {str(e)}")
ValueError: Feature extraction failed for 6183095a-cdb2-4c87-8d1a-828d2102d6df.wav: Frequency band exceeds Nyquist. Reduce either fmin or n_bands.
2025-05-31 22:17:33,296 - breathelytics - ERROR - Prediction failed: Prediction failed: Feature extraction failed for 6183095a-cdb2-4c87-8d1a-828d2102d6df.wav: Frequency band exceeds Nyquist. Reduce either fmin or n_bands.
Traceback (most recent call last):
  File "D:\dave-workspace\breathelytics_clean\breathelytics\src\breathelytics-backend\pipeline.py", line 193, in transform
    file_features['spectral_contrast'] = librosa.feature.spectral_contrast(y=y_audio, sr=sr)
                                         ^^^^^^^^^^^^^^^^^^^^^^^^^^^^^^^^^^^^^^^^^^^^^^^^^^^
  File "C:\Users\ardav\miniconda3\envs\vsc\Lib\site-packages\librosa\feature\spectral.py", line 489, in spectral_contrast
    raise ParameterError(
librosa.util.exceptions.ParameterError: Frequency band exceeds Nyquist. Reduce either fmin or n_bands.

During handling of the above exception, another exception occurred:

Traceback (most recent call last):
  File "D:\dave-workspace\breathelytics_clean\breathelytics\src\breathelytics-backend\pipeline.py", line 338, in predict_respiratory_condition
    features_df = preprocessing_pipeline.transform([wav_file_path])
                  ^^^^^^^^^^^^^^^^^^^^^^^^^^^^^^^^^^^^^^^^^^^^^^^^^
  File "C:\Users\ardav\miniconda3\envs\vsc\Lib\site-packages\sklearn\pipeline.py", line 905, in transform
    Xt = transform.transform(Xt, **routed_params[name].transform)
         ^^^^^^^^^^^^^^^^^^^^^^^^^^^^^^^^^^^^^^^^^^^^^^^^^^^^^^^^
  File "C:\Users\ardav\miniconda3\envs\vsc\Lib\site-packages\sklearn\utils\_set_output.py", line 295, in wrapped
    data_to_wrap = f(self, X, *args, **kwargs)
                   ^^^^^^^^^^^^^^^^^^^^^^^^^^^
  File "D:\dave-workspace\breathelytics_clean\breathelytics\src\breathelytics-backend\pipeline.py", line 208, in transform
    raise ValueError(f"Feature extraction failed for {filename}: {str(e)}")
ValueError: Feature extraction failed for 6183095a-cdb2-4c87-8d1a-828d2102d6df.wav: Frequency band exceeds Nyquist. Reduce either fmin or n_bands.

During handling of the above exception, another exception occurred:

Traceback (most recent call last):
  File "D:\dave-workspace\breathelytics_clean\breathelytics\src\breathelytics-backend\app.py", line 138, in predict_respiratory_disease
    prediction_result = predict_respiratory_condition(temp_file_path, model_path)
                        ^^^^^^^^^^^^^^^^^^^^^^^^^^^^^^^^^^^^^^^^^^^^^^^^^^^^^^^^^
  File "D:\dave-workspace\breathelytics_clean\breathelytics\src\breathelytics-backend\pipeline.py", line 383, in predict_respiratory_condition
    raise ValueError(f"Prediction failed: {str(e)}")
ValueError: Prediction failed: Feature extraction failed for 6183095a-cdb2-4c87-8d1a-828d2102d6df.wav: Frequency band exceeds Nyquist. Reduce either fmin or n_bands.
2025-05-31 22:17:40,168 - breathelytics - INFO - Saved uploaded file to: D:\dave-workspace\breathelytics_clean\breathelytics\src\breathelytics-backend\temp\8a090e4f-b495-420e-942f-2603e604b037.wav
2025-05-31 22:17:40,169 - breathelytics - INFO - Starting prediction process...
2025-05-31 22:17:40,169 - breathelytics - INFO - Loading model from: D:\dave-workspace\breathelytics_clean\breathelytics\src\breathelytics-backend\respiratory_classifier.pkl
2025-05-31 22:17:40,225 - breathelytics - INFO - Created respiratory pipeline with 4 steps
2025-05-31 22:17:40,226 - breathelytics - INFO - Processing audio file: D:\dave-workspace\breathelytics_clean\breathelytics\src\breathelytics-backend\temp\8a090e4f-b495-420e-942f-2603e604b037.wav
2025-05-31 22:17:40,258 - breathelytics - ERROR - Feature extraction failed for 8a090e4f-b495-420e-942f-2603e604b037.wav: Frequency band exceeds Nyquist. Reduce either fmin or n_bands.
2025-05-31 22:17:40,258 - breathelytics - ERROR - Prediction failed: Feature extraction failed for 8a090e4f-b495-420e-942f-2603e604b037.wav: Frequency band exceeds Nyquist. Reduce either fmin or n_bands.
Traceback (most recent call last):
  File "D:\dave-workspace\breathelytics_clean\breathelytics\src\breathelytics-backend\pipeline.py", line 193, in transform
    file_features['spectral_contrast'] = librosa.feature.spectral_contrast(y=y_audio, sr=sr)
                                         ^^^^^^^^^^^^^^^^^^^^^^^^^^^^^^^^^^^^^^^^^^^^^^^^^^^
  File "C:\Users\ardav\miniconda3\envs\vsc\Lib\site-packages\librosa\feature\spectral.py", line 489, in spectral_contrast
    raise ParameterError(
librosa.util.exceptions.ParameterError: Frequency band exceeds Nyquist. Reduce either fmin or n_bands.

During handling of the above exception, another exception occurred:

Traceback (most recent call last):
  File "D:\dave-workspace\breathelytics_clean\breathelytics\src\breathelytics-backend\pipeline.py", line 338, in predict_respiratory_condition
    features_df = preprocessing_pipeline.transform([wav_file_path])
                  ^^^^^^^^^^^^^^^^^^^^^^^^^^^^^^^^^^^^^^^^^^^^^^^^^
  File "C:\Users\ardav\miniconda3\envs\vsc\Lib\site-packages\sklearn\pipeline.py", line 905, in transform
    Xt = transform.transform(Xt, **routed_params[name].transform)
         ^^^^^^^^^^^^^^^^^^^^^^^^^^^^^^^^^^^^^^^^^^^^^^^^^^^^^^^^
  File "C:\Users\ardav\miniconda3\envs\vsc\Lib\site-packages\sklearn\utils\_set_output.py", line 295, in wrapped
    data_to_wrap = f(self, X, *args, **kwargs)
                   ^^^^^^^^^^^^^^^^^^^^^^^^^^^
  File "D:\dave-workspace\breathelytics_clean\breathelytics\src\breathelytics-backend\pipeline.py", line 208, in transform
    raise ValueError(f"Feature extraction failed for {filename}: {str(e)}")
ValueError: Feature extraction failed for 8a090e4f-b495-420e-942f-2603e604b037.wav: Frequency band exceeds Nyquist. Reduce either fmin or n_bands.
2025-05-31 22:17:40,262 - breathelytics - ERROR - Prediction failed: Prediction failed: Feature extraction failed for 8a090e4f-b495-420e-942f-2603e604b037.wav: Frequency band exceeds Nyquist. Reduce either fmin or n_bands.
Traceback (most recent call last):
  File "D:\dave-workspace\breathelytics_clean\breathelytics\src\breathelytics-backend\pipeline.py", line 193, in transform
    file_features['spectral_contrast'] = librosa.feature.spectral_contrast(y=y_audio, sr=sr)
                                         ^^^^^^^^^^^^^^^^^^^^^^^^^^^^^^^^^^^^^^^^^^^^^^^^^^^
  File "C:\Users\ardav\miniconda3\envs\vsc\Lib\site-packages\librosa\feature\spectral.py", line 489, in spectral_contrast
    raise ParameterError(
librosa.util.exceptions.ParameterError: Frequency band exceeds Nyquist. Reduce either fmin or n_bands.

During handling of the above exception, another exception occurred:

Traceback (most recent call last):
  File "D:\dave-workspace\breathelytics_clean\breathelytics\src\breathelytics-backend\pipeline.py", line 338, in predict_respiratory_condition
    features_df = preprocessing_pipeline.transform([wav_file_path])
                  ^^^^^^^^^^^^^^^^^^^^^^^^^^^^^^^^^^^^^^^^^^^^^^^^^
  File "C:\Users\ardav\miniconda3\envs\vsc\Lib\site-packages\sklearn\pipeline.py", line 905, in transform
    Xt = transform.transform(Xt, **routed_params[name].transform)
         ^^^^^^^^^^^^^^^^^^^^^^^^^^^^^^^^^^^^^^^^^^^^^^^^^^^^^^^^
  File "C:\Users\ardav\miniconda3\envs\vsc\Lib\site-packages\sklearn\utils\_set_output.py", line 295, in wrapped
    data_to_wrap = f(self, X, *args, **kwargs)
                   ^^^^^^^^^^^^^^^^^^^^^^^^^^^
  File "D:\dave-workspace\breathelytics_clean\breathelytics\src\breathelytics-backend\pipeline.py", line 208, in transform
    raise ValueError(f"Feature extraction failed for {filename}: {str(e)}")
ValueError: Feature extraction failed for 8a090e4f-b495-420e-942f-2603e604b037.wav: Frequency band exceeds Nyquist. Reduce either fmin or n_bands.

During handling of the above exception, another exception occurred:

Traceback (most recent call last):
  File "D:\dave-workspace\breathelytics_clean\breathelytics\src\breathelytics-backend\app.py", line 138, in predict_respiratory_disease
    prediction_result = predict_respiratory_condition(temp_file_path, model_path)
                        ^^^^^^^^^^^^^^^^^^^^^^^^^^^^^^^^^^^^^^^^^^^^^^^^^^^^^^^^^
  File "D:\dave-workspace\breathelytics_clean\breathelytics\src\breathelytics-backend\pipeline.py", line 383, in predict_respiratory_condition
    raise ValueError(f"Prediction failed: {str(e)}")
ValueError: Prediction failed: Feature extraction failed for 8a090e4f-b495-420e-942f-2603e604b037.wav: Frequency band exceeds Nyquist. Reduce either fmin or n_bands.
2025-05-31 22:17:41,390 - breathelytics - INFO - Saved uploaded file to: D:\dave-workspace\breathelytics_clean\breathelytics\src\breathelytics-backend\temp\eaaec073-2c32-4934-b8fd-3e5709dd0974.wav
2025-05-31 22:17:41,390 - breathelytics - INFO - Starting prediction process...
2025-05-31 22:17:41,391 - breathelytics - INFO - Loading model from: D:\dave-workspace\breathelytics_clean\breathelytics\src\breathelytics-backend\respiratory_classifier.pkl
2025-05-31 22:17:41,458 - breathelytics - INFO - Created respiratory pipeline with 4 steps
2025-05-31 22:17:41,458 - breathelytics - INFO - Processing audio file: D:\dave-workspace\breathelytics_clean\breathelytics\src\breathelytics-backend\temp\eaaec073-2c32-4934-b8fd-3e5709dd0974.wav
2025-05-31 22:17:41,484 - breathelytics - ERROR - Feature extraction failed for eaaec073-2c32-4934-b8fd-3e5709dd0974.wav: Frequency band exceeds Nyquist. Reduce either fmin or n_bands.
2025-05-31 22:17:41,485 - breathelytics - ERROR - Prediction failed: Feature extraction failed for eaaec073-2c32-4934-b8fd-3e5709dd0974.wav: Frequency band exceeds Nyquist. Reduce either fmin or n_bands.
Traceback (most recent call last):
  File "D:\dave-workspace\breathelytics_clean\breathelytics\src\breathelytics-backend\pipeline.py", line 193, in transform
    file_features['spectral_contrast'] = librosa.feature.spectral_contrast(y=y_audio, sr=sr)
                                         ^^^^^^^^^^^^^^^^^^^^^^^^^^^^^^^^^^^^^^^^^^^^^^^^^^^
  File "C:\Users\ardav\miniconda3\envs\vsc\Lib\site-packages\librosa\feature\spectral.py", line 489, in spectral_contrast
    raise ParameterError(
librosa.util.exceptions.ParameterError: Frequency band exceeds Nyquist. Reduce either fmin or n_bands.

During handling of the above exception, another exception occurred:

Traceback (most recent call last):
  File "D:\dave-workspace\breathelytics_clean\breathelytics\src\breathelytics-backend\pipeline.py", line 338, in predict_respiratory_condition
    features_df = preprocessing_pipeline.transform([wav_file_path])
                  ^^^^^^^^^^^^^^^^^^^^^^^^^^^^^^^^^^^^^^^^^^^^^^^^^
  File "C:\Users\ardav\miniconda3\envs\vsc\Lib\site-packages\sklearn\pipeline.py", line 905, in transform
    Xt = transform.transform(Xt, **routed_params[name].transform)
         ^^^^^^^^^^^^^^^^^^^^^^^^^^^^^^^^^^^^^^^^^^^^^^^^^^^^^^^^
  File "C:\Users\ardav\miniconda3\envs\vsc\Lib\site-packages\sklearn\utils\_set_output.py", line 295, in wrapped
    data_to_wrap = f(self, X, *args, **kwargs)
                   ^^^^^^^^^^^^^^^^^^^^^^^^^^^
  File "D:\dave-workspace\breathelytics_clean\breathelytics\src\breathelytics-backend\pipeline.py", line 208, in transform
    raise ValueError(f"Feature extraction failed for {filename}: {str(e)}")
ValueError: Feature extraction failed for eaaec073-2c32-4934-b8fd-3e5709dd0974.wav: Frequency band exceeds Nyquist. Reduce either fmin or n_bands.
2025-05-31 22:17:41,487 - breathelytics - ERROR - Prediction failed: Prediction failed: Feature extraction failed for eaaec073-2c32-4934-b8fd-3e5709dd0974.wav: Frequency band exceeds Nyquist. Reduce either fmin or n_bands.
Traceback (most recent call last):
  File "D:\dave-workspace\breathelytics_clean\breathelytics\src\breathelytics-backend\pipeline.py", line 193, in transform
    file_features['spectral_contrast'] = librosa.feature.spectral_contrast(y=y_audio, sr=sr)
                                         ^^^^^^^^^^^^^^^^^^^^^^^^^^^^^^^^^^^^^^^^^^^^^^^^^^^
  File "C:\Users\ardav\miniconda3\envs\vsc\Lib\site-packages\librosa\feature\spectral.py", line 489, in spectral_contrast
    raise ParameterError(
librosa.util.exceptions.ParameterError: Frequency band exceeds Nyquist. Reduce either fmin or n_bands.

During handling of the above exception, another exception occurred:

Traceback (most recent call last):
  File "D:\dave-workspace\breathelytics_clean\breathelytics\src\breathelytics-backend\pipeline.py", line 338, in predict_respiratory_condition
    features_df = preprocessing_pipeline.transform([wav_file_path])
                  ^^^^^^^^^^^^^^^^^^^^^^^^^^^^^^^^^^^^^^^^^^^^^^^^^
  File "C:\Users\ardav\miniconda3\envs\vsc\Lib\site-packages\sklearn\pipeline.py", line 905, in transform
    Xt = transform.transform(Xt, **routed_params[name].transform)
         ^^^^^^^^^^^^^^^^^^^^^^^^^^^^^^^^^^^^^^^^^^^^^^^^^^^^^^^^
  File "C:\Users\ardav\miniconda3\envs\vsc\Lib\site-packages\sklearn\utils\_set_output.py", line 295, in wrapped
    data_to_wrap = f(self, X, *args, **kwargs)
                   ^^^^^^^^^^^^^^^^^^^^^^^^^^^
  File "D:\dave-workspace\breathelytics_clean\breathelytics\src\breathelytics-backend\pipeline.py", line 208, in transform
    raise ValueError(f"Feature extraction failed for {filename}: {str(e)}")
ValueError: Feature extraction failed for eaaec073-2c32-4934-b8fd-3e5709dd0974.wav: Frequency band exceeds Nyquist. Reduce either fmin or n_bands.

During handling of the above exception, another exception occurred:

Traceback (most recent call last):
  File "D:\dave-workspace\breathelytics_clean\breathelytics\src\breathelytics-backend\app.py", line 138, in predict_respiratory_disease
    prediction_result = predict_respiratory_condition(temp_file_path, model_path)
                        ^^^^^^^^^^^^^^^^^^^^^^^^^^^^^^^^^^^^^^^^^^^^^^^^^^^^^^^^^
  File "D:\dave-workspace\breathelytics_clean\breathelytics\src\breathelytics-backend\pipeline.py", line 383, in predict_respiratory_condition
    raise ValueError(f"Prediction failed: {str(e)}")
ValueError: Prediction failed: Feature extraction failed for eaaec073-2c32-4934-b8fd-3e5709dd0974.wav: Frequency band exceeds Nyquist. Reduce either fmin or n_bands.
2025-05-31 22:17:48,509 - breathelytics - INFO - Saved uploaded file to: D:\dave-workspace\breathelytics_clean\breathelytics\src\breathelytics-backend\temp\fb58796e-589d-4c75-b434-fa3513824adc.wav
2025-05-31 22:17:48,510 - breathelytics - INFO - Starting prediction process...
2025-05-31 22:17:48,510 - breathelytics - INFO - Loading model from: D:\dave-workspace\breathelytics_clean\breathelytics\src\breathelytics-backend\respiratory_classifier.pkl
2025-05-31 22:17:48,570 - breathelytics - INFO - Created respiratory pipeline with 4 steps
2025-05-31 22:17:48,570 - breathelytics - INFO - Processing audio file: D:\dave-workspace\breathelytics_clean\breathelytics\src\breathelytics-backend\temp\fb58796e-589d-4c75-b434-fa3513824adc.wav
2025-05-31 22:17:48,818 - breathelytics - INFO - Feature statistics calculated. Shape: (1, 30)
2025-05-31 22:17:48,903 - breathelytics - INFO - Prediction completed: COPD (confidence: 91.74%) in 0.39s
2025-05-31 22:17:48,904 - breathelytics - INFO - Prediction completed: COPD (confidence: 91.74%)
2025-05-31 22:17:50,045 - breathelytics - INFO - Saved uploaded file to: D:\dave-workspace\breathelytics_clean\breathelytics\src\breathelytics-backend\temp\85bdacf6-e8b2-480e-bc0e-5b8384ff602c.wav
2025-05-31 22:17:50,047 - breathelytics - INFO - Starting prediction process...
2025-05-31 22:17:50,048 - breathelytics - INFO - Loading model from: D:\dave-workspace\breathelytics_clean\breathelytics\src\breathelytics-backend\respiratory_classifier.pkl
2025-05-31 22:17:50,097 - breathelytics - INFO - Created respiratory pipeline with 4 steps
2025-05-31 22:17:50,097 - breathelytics - INFO - Processing audio file: D:\dave-workspace\breathelytics_clean\breathelytics\src\breathelytics-backend\temp\85bdacf6-e8b2-480e-bc0e-5b8384ff602c.wav
2025-05-31 22:17:50,357 - breathelytics - INFO - Feature statistics calculated. Shape: (1, 30)
2025-05-31 22:17:50,446 - breathelytics - INFO - Prediction completed: COPD (confidence: 91.74%) in 0.40s
2025-05-31 22:17:50,447 - breathelytics - INFO - Prediction completed: COPD (confidence: 91.74%)
2025-05-31 22:18:36,232 - breathelytics - INFO - Saved uploaded file to: D:\dave-workspace\breathelytics_clean\breathelytics\src\breathelytics-backend\temp\b94b89f8-0442-40c7-85b3-e3dc13d07160.wav
2025-05-31 22:18:36,232 - breathelytics - INFO - Starting prediction process...
2025-05-31 22:18:36,233 - breathelytics - INFO - Loading model from: D:\dave-workspace\breathelytics_clean\breathelytics\src\breathelytics-backend\respiratory_classifier.pkl
2025-05-31 22:18:36,285 - breathelytics - INFO - Created respiratory pipeline with 4 steps
2025-05-31 22:18:36,286 - breathelytics - INFO - Processing audio file: D:\dave-workspace\breathelytics_clean\breathelytics\src\breathelytics-backend\temp\b94b89f8-0442-40c7-85b3-e3dc13d07160.wav
2025-05-31 22:18:36,550 - breathelytics - INFO - Feature statistics calculated. Shape: (1, 30)
2025-05-31 22:18:36,640 - breathelytics - INFO - Prediction completed: Pneumonia (confidence: 29.70%) in 0.41s
2025-05-31 22:18:36,642 - breathelytics - INFO - Prediction completed: Pneumonia (confidence: 29.70%)
2025-05-31 22:18:37,778 - breathelytics - INFO - Saved uploaded file to: D:\dave-workspace\breathelytics_clean\breathelytics\src\breathelytics-backend\temp\1063efa1-bb89-4a10-b386-7c93b45c6d70.wav
2025-05-31 22:18:37,779 - breathelytics - INFO - Starting prediction process...
2025-05-31 22:18:37,779 - breathelytics - INFO - Loading model from: D:\dave-workspace\breathelytics_clean\breathelytics\src\breathelytics-backend\respiratory_classifier.pkl
2025-05-31 22:18:37,831 - breathelytics - INFO - Created respiratory pipeline with 4 steps
2025-05-31 22:18:37,832 - breathelytics - INFO - Processing audio file: D:\dave-workspace\breathelytics_clean\breathelytics\src\breathelytics-backend\temp\1063efa1-bb89-4a10-b386-7c93b45c6d70.wav
2025-05-31 22:18:38,099 - breathelytics - INFO - Feature statistics calculated. Shape: (1, 30)
2025-05-31 22:18:38,185 - breathelytics - INFO - Prediction completed: Pneumonia (confidence: 29.70%) in 0.41s
2025-05-31 22:18:38,185 - breathelytics - INFO - Prediction completed: Pneumonia (confidence: 29.70%)
2025-05-31 22:19:01,181 - breathelytics - INFO - Saved uploaded file to: D:\dave-workspace\breathelytics_clean\breathelytics\src\breathelytics-backend\temp\996e18c6-cd39-4b43-ab4f-175de6505037.wav
2025-05-31 22:19:01,182 - breathelytics - INFO - Starting prediction process...
2025-05-31 22:19:01,182 - breathelytics - INFO - Loading model from: D:\dave-workspace\breathelytics_clean\breathelytics\src\breathelytics-backend\respiratory_classifier.pkl
2025-05-31 22:19:01,231 - breathelytics - INFO - Created respiratory pipeline with 4 steps
2025-05-31 22:19:01,231 - breathelytics - INFO - Processing audio file: D:\dave-workspace\breathelytics_clean\breathelytics\src\breathelytics-backend\temp\996e18c6-cd39-4b43-ab4f-175de6505037.wav
2025-05-31 22:19:01,463 - breathelytics - INFO - Feature statistics calculated. Shape: (1, 30)
2025-05-31 22:19:01,542 - breathelytics - INFO - Prediction completed: COPD (confidence: 91.74%) in 0.36s
2025-05-31 22:19:01,543 - breathelytics - INFO - Prediction completed: COPD (confidence: 91.74%)
2025-05-31 22:19:02,682 - breathelytics - INFO - Saved uploaded file to: D:\dave-workspace\breathelytics_clean\breathelytics\src\breathelytics-backend\temp\2bb1d6ce-b643-463d-8491-0b9a88bffc21.wav
2025-05-31 22:19:02,683 - breathelytics - INFO - Starting prediction process...
2025-05-31 22:19:02,684 - breathelytics - INFO - Loading model from: D:\dave-workspace\breathelytics_clean\breathelytics\src\breathelytics-backend\respiratory_classifier.pkl
2025-05-31 22:19:02,742 - breathelytics - INFO - Created respiratory pipeline with 4 steps
2025-05-31 22:19:02,743 - breathelytics - INFO - Processing audio file: D:\dave-workspace\breathelytics_clean\breathelytics\src\breathelytics-backend\temp\2bb1d6ce-b643-463d-8491-0b9a88bffc21.wav
2025-05-31 22:19:03,034 - breathelytics - INFO - Feature statistics calculated. Shape: (1, 30)
2025-05-31 22:19:03,121 - breathelytics - INFO - Prediction completed: COPD (confidence: 91.74%) in 0.44s
2025-05-31 22:19:03,122 - breathelytics - INFO - Prediction completed: COPD (confidence: 91.74%)
2025-05-31 22:38:06,556 - breathelytics - INFO - Received signal 2, shutting down gracefully...
2025-05-31 22:38:06,576 - breathelytics - INFO - Cleaned up 0 temporary files
2025-05-31 22:38:06,588 - breathelytics - INFO - Application stopped
2025-05-31 22:38:52,950 - breathelytics - INFO - Initializing preprocessing pipeline...
2025-05-31 22:38:52,951 - breathelytics - INFO - Created respiratory pipeline with 4 steps
2025-05-31 22:38:52,951 - breathelytics - INFO - Preprocessing pipeline initialized successfully
2025-05-31 22:39:39,924 - breathelytics - INFO - Saved uploaded file to: D:\dave-workspace\breathelytics_clean\breathelytics\src\breathelytics-backend\temp\0a4cfcc5-3dcf-4448-9bca-34434fbf98e2.wav
2025-05-31 22:39:39,925 - breathelytics - INFO - Starting prediction process...
2025-05-31 22:39:39,925 - breathelytics - INFO - Loading model from: D:\dave-workspace\breathelytics_clean\breathelytics\src\breathelytics-backend\respiratory_classifier.pkl
2025-05-31 22:39:41,799 - breathelytics - INFO - Created respiratory pipeline with 4 steps
2025-05-31 22:39:41,800 - breathelytics - INFO - Processing audio file: D:\dave-workspace\breathelytics_clean\breathelytics\src\breathelytics-backend\temp\0a4cfcc5-3dcf-4448-9bca-34434fbf98e2.wav
2025-05-31 22:39:47,064 - breathelytics - INFO - Saved uploaded file to: D:\dave-workspace\breathelytics_clean\breathelytics\src\breathelytics-backend\temp\c5020476-4323-4b4d-9c8d-51f0c787c6d3.wav
2025-05-31 22:39:47,065 - breathelytics - INFO - Starting prediction process...
2025-05-31 22:39:47,065 - breathelytics - INFO - Loading model from: D:\dave-workspace\breathelytics_clean\breathelytics\src\breathelytics-backend\respiratory_classifier.pkl
2025-05-31 22:39:47,069 - breathelytics - ERROR - Failed to load audio file D:\dave-workspace\breathelytics_clean\breathelytics\src\breathelytics-backend\temp\0a4cfcc5-3dcf-4448-9bca-34434fbf98e2.wav: InconsistentVersionWarning.__init__() takes 1 positional argument but 2 were given
2025-05-31 22:39:47,070 - breathelytics - ERROR - Prediction failed: Cannot load audio file D:\dave-workspace\breathelytics_clean\breathelytics\src\breathelytics-backend\temp\0a4cfcc5-3dcf-4448-9bca-34434fbf98e2.wav: InconsistentVersionWarning.__init__() takes 1 positional argument but 2 were given
Traceback (most recent call last):
  File "D:\dave-workspace\breathelytics_clean\breathelytics\src\breathelytics-backend\pipeline.py", line 66, in transform
    y, sr = librosa.load(
            ^^^^^^^^^^^^
  File "D:\dave-workspace\breathelytics_clean\breathelytics\.venv\Lib\site-packages\lazy_loader\__init__.py", line 83, in __getattr__
    attr = getattr(submod, name)
  File "D:\dave-workspace\breathelytics_clean\breathelytics\.venv\Lib\site-packages\lazy_loader\__init__.py", line 82, in __getattr__
    submod = importlib.import_module(submod_path)
  File "C:\Python313\Lib\importlib\__init__.py", line 88, in import_module
    return _bootstrap._gcd_import(name[level:], package, level)
           ~~~~~~~~~~~~~~~~~~~~~~^^^^^^^^^^^^^^^^^^^^^^^^^^^^^^
  File "<frozen importlib._bootstrap>", line 1387, in _gcd_import
  File "<frozen importlib._bootstrap>", line 1360, in _find_and_load
  File "<frozen importlib._bootstrap>", line 1331, in _find_and_load_unlocked
  File "<frozen importlib._bootstrap>", line 935, in _load_unlocked
  File "<frozen importlib._bootstrap_external>", line 1026, in exec_module
  File "<frozen importlib._bootstrap>", line 488, in _call_with_frames_removed
  File "D:\dave-workspace\breathelytics_clean\breathelytics\.venv\Lib\site-packages\librosa\core\audio.py", line 1154, in <module>
    @guvectorize(
     ~~~~~~~~~~~^
        [
        ^
    ...<5 lines>...
        nopython=True,
        ^^^^^^^^^^^^^^
    )  # type: ignore
    ^
  File "D:\dave-workspace\breathelytics_clean\breathelytics\.venv\Lib\site-packages\numba\np\ufunc\decorators.py", line 203, in wrap
    guvec.add(fty)
    ~~~~~~~~~^^^^^
  File "D:\dave-workspace\breathelytics_clean\breathelytics\.venv\Lib\site-packages\numba\np\ufunc\gufunc.py", line 137, in add
    self.gufunc_builder.add(fty)
    ~~~~~~~~~~~~~~~~~~~~~~~^^^^^
  File "D:\dave-workspace\breathelytics_clean\breathelytics\.venv\Lib\site-packages\numba\np\ufunc\ufuncbuilder.py", line 257, in add
    cres, args, return_type = _compile_element_wise_function(
                              ~~~~~~~~~~~~~~~~~~~~~~~~~~~~~~^
        self.nb_func, targetoptions, sig)
        ^^^^^^^^^^^^^^^^^^^^^^^^^^^^^^^^^
  File "D:\dave-workspace\breathelytics_clean\breathelytics\.venv\Lib\site-packages\numba\np\ufunc\ufuncbuilder.py", line 175, in _compile_element_wise_function
    cres = nb_func.compile(sig, **targetoptions)
  File "D:\dave-workspace\breathelytics_clean\breathelytics\.venv\Lib\site-packages\numba\np\ufunc\ufuncbuilder.py", line 123, in compile
    return self._compile_core(sig, flags, locals)
           ~~~~~~~~~~~~~~~~~~^^^^^^^^^^^^^^^^^^^^
  File "D:\dave-workspace\breathelytics_clean\breathelytics\.venv\Lib\site-packages\numba\np\ufunc\ufuncbuilder.py", line 156, in _compile_core
    cres = compiler.compile_extra(typingctx, targetctx,
                                  self.py_func, args=args,
                                  return_type=return_type,
                                  flags=flags, locals=locals)
  File "D:\dave-workspace\breathelytics_clean\breathelytics\.venv\Lib\site-packages\numba\core\compiler.py", line 739, in compile_extra
    return pipeline.compile_extra(func)
           ~~~~~~~~~~~~~~~~~~~~~~^^^^^^
  File "D:\dave-workspace\breathelytics_clean\breathelytics\.venv\Lib\site-packages\numba\core\compiler.py", line 439, in compile_extra
    return self._compile_bytecode()
           ~~~~~~~~~~~~~~~~~~~~~~^^
  File "D:\dave-workspace\breathelytics_clean\breathelytics\.venv\Lib\site-packages\numba\core\compiler.py", line 505, in _compile_bytecode
    return self._compile_core()
           ~~~~~~~~~~~~~~~~~~^^
  File "D:\dave-workspace\breathelytics_clean\breathelytics\.venv\Lib\site-packages\numba\core\compiler.py", line 481, in _compile_core
    raise e
  File "D:\dave-workspace\breathelytics_clean\breathelytics\.venv\Lib\site-packages\numba\core\compiler.py", line 473, in _compile_core
    pm.run(self.state)
    ~~~~~~^^^^^^^^^^^^
  File "D:\dave-workspace\breathelytics_clean\breathelytics\.venv\Lib\site-packages\numba\core\compiler_machinery.py", line 363, in run
    raise e
  File "D:\dave-workspace\breathelytics_clean\breathelytics\.venv\Lib\site-packages\numba\core\compiler_machinery.py", line 356, in run
    self._runPass(idx, pass_inst, state)
    ~~~~~~~~~~~~~^^^^^^^^^^^^^^^^^^^^^^^
  File "D:\dave-workspace\breathelytics_clean\breathelytics\.venv\Lib\site-packages\numba\core\compiler_lock.py", line 35, in _acquire_compile_lock
    return func(*args, **kwargs)
  File "D:\dave-workspace\breathelytics_clean\breathelytics\.venv\Lib\site-packages\numba\core\compiler_machinery.py", line 311, in _runPass
    mutated |= check(pss.run_pass, internal_state)
               ~~~~~^^^^^^^^^^^^^^^^^^^^^^^^^^^^^^
  File "D:\dave-workspace\breathelytics_clean\breathelytics\.venv\Lib\site-packages\numba\core\compiler_machinery.py", line 272, in check
    mangled = func(compiler_state)
  File "D:\dave-workspace\breathelytics_clean\breathelytics\.venv\Lib\site-packages\numba\core\typed_passes.py", line 112, in run_pass
    typemap, return_type, calltypes, errs = type_inference_stage(
                                            ~~~~~~~~~~~~~~~~~~~~^
        state.typingctx,
        ^^^^^^^^^^^^^^^^
    ...<4 lines>...
        state.locals,
        ^^^^^^^^^^^^^
        raise_errors=self._raise_errors)
        ^^^^^^^^^^^^^^^^^^^^^^^^^^^^^^^^
  File "D:\dave-workspace\breathelytics_clean\breathelytics\.venv\Lib\site-packages\numba\core\typed_passes.py", line 93, in type_inference_stage
    errs = infer.propagate(raise_errors=raise_errors)
  File "D:\dave-workspace\breathelytics_clean\breathelytics\.venv\Lib\site-packages\numba\core\typeinfer.py", line 1066, in propagate
    errors = self.constraints.propagate(self)
  File "D:\dave-workspace\breathelytics_clean\breathelytics\.venv\Lib\site-packages\numba\core\typeinfer.py", line 160, in propagate
    constraint(typeinfer)
    ~~~~~~~~~~^^^^^^^^^^^
  File "D:\dave-workspace\breathelytics_clean\breathelytics\.venv\Lib\site-packages\numba\core\typeinfer.py", line 566, in __call__
    self.resolve(typeinfer, typevars, fnty)
    ~~~~~~~~~~~~^^^^^^^^^^^^^^^^^^^^^^^^^^^
  File "D:\dave-workspace\breathelytics_clean\breathelytics\.venv\Lib\site-packages\numba\core\typeinfer.py", line 589, in resolve
    sig = typeinfer.resolve_call(fnty, pos_args, kw_args)
  File "D:\dave-workspace\breathelytics_clean\breathelytics\.venv\Lib\site-packages\numba\core\typeinfer.py", line 1560, in resolve_call
    return self.context.resolve_function_type(fnty, pos_args, kw_args)
           ~~~~~~~~~~~~~~~~~~~~~~~~~~~~~~~~~~^^^^^^^^^^^^^^^^^^^^^^^^^
  File "D:\dave-workspace\breathelytics_clean\breathelytics\.venv\Lib\site-packages\numba\core\typing\context.py", line 195, in resolve_function_type
    res = self._resolve_user_function_type(func, args, kws)
  File "D:\dave-workspace\breathelytics_clean\breathelytics\.venv\Lib\site-packages\numba\core\typing\context.py", line 247, in _resolve_user_function_type
    return func.get_call_type(self, args, kws)
           ~~~~~~~~~~~~~~~~~~^^^^^^^^^^^^^^^^^
  File "D:\dave-workspace\breathelytics_clean\breathelytics\.venv\Lib\site-packages\numba\core\types\functions.py", line 311, in get_call_type
    raise e
  File "D:\dave-workspace\breathelytics_clean\breathelytics\.venv\Lib\site-packages\numba\core\types\functions.py", line 308, in get_call_type
    sig = temp.apply(nolitargs, nolitkws)
  File "D:\dave-workspace\breathelytics_clean\breathelytics\.venv\Lib\site-packages\numba\core\typing\templates.py", line 358, in apply
    sig = generic(args, kws)
  File "D:\dave-workspace\breathelytics_clean\breathelytics\.venv\Lib\site-packages\numba\stencils\stencil.py", line 402, in _type_me
    (real_ret, typemap, calltypes) = self.get_return_type(argtys)
                                     ~~~~~~~~~~~~~~~~~~~~^^^^^^^^
  File "D:\dave-workspace\breathelytics_clean\breathelytics\.venv\Lib\site-packages\numba\stencils\stencil.py", line 341, in get_return_type
    typemap, return_type, calltypes, _ = typed_passes.type_inference_stage(
                                         ~~~~~~~~~~~~~~~~~~~~~~~~~~~~~~~~~^
            self._typingctx,
            ^^^^^^^^^^^^^^^^
    ...<3 lines>...
            None,
            ^^^^^
            {})
            ^^^
  File "D:\dave-workspace\breathelytics_clean\breathelytics\.venv\Lib\site-packages\numba\core\typed_passes.py", line 93, in type_inference_stage
    errs = infer.propagate(raise_errors=raise_errors)
  File "D:\dave-workspace\breathelytics_clean\breathelytics\.venv\Lib\site-packages\numba\core\typeinfer.py", line 1066, in propagate
    errors = self.constraints.propagate(self)
  File "D:\dave-workspace\breathelytics_clean\breathelytics\.venv\Lib\site-packages\numba\core\typeinfer.py", line 157, in propagate
    with typeinfer.warnings.catch_warnings(filename=loc.filename,
         ~~~~~~~~~~~~~~~~~~~~~~~~~~~~~~~~~^^^^^^^^^^^^^^^^^^^^^^^
                                           lineno=loc.line):
                                           ^^^^^^^^^^^^^^^^
  File "C:\Python313\Lib\contextlib.py", line 148, in __exit__
    next(self.gen)
    ~~~~^^^^^^^^^^
  File "D:\dave-workspace\breathelytics_clean\breathelytics\.venv\Lib\site-packages\numba\core\errors.py", line 506, in catch_warnings
    warnings.warn_explicit(msg, w.category,
    ~~~~~~~~~~~~~~~~~~~~~~^^^^^^^^^^^^^^^^^
                           w.filename, w.lineno)
                           ^^^^^^^^^^^^^^^^^^^^^
TypeError: InconsistentVersionWarning.__init__() takes 1 positional argument but 2 were given

During handling of the above exception, another exception occurred:

Traceback (most recent call last):
  File "D:\dave-workspace\breathelytics_clean\breathelytics\src\breathelytics-backend\pipeline.py", line 338, in predict_respiratory_condition
    features_df = preprocessing_pipeline.transform([wav_file_path])
  File "D:\dave-workspace\breathelytics_clean\breathelytics\.venv\Lib\site-packages\sklearn\pipeline.py", line 1092, in transform
    Xt = transform.transform(Xt, **routed_params[name].transform)
  File "D:\dave-workspace\breathelytics_clean\breathelytics\.venv\Lib\site-packages\sklearn\utils\_set_output.py", line 319, in wrapped
    data_to_wrap = f(self, X, *args, **kwargs)
  File "D:\dave-workspace\breathelytics_clean\breathelytics\src\breathelytics-backend\pipeline.py", line 83, in transform
    raise ValueError(f"Cannot load audio file {file_path}: {str(e)}")
ValueError: Cannot load audio file D:\dave-workspace\breathelytics_clean\breathelytics\src\breathelytics-backend\temp\0a4cfcc5-3dcf-4448-9bca-34434fbf98e2.wav: InconsistentVersionWarning.__init__() takes 1 positional argument but 2 were given
2025-05-31 22:39:47,135 - breathelytics - ERROR - Prediction failed: Prediction failed: Cannot load audio file D:\dave-workspace\breathelytics_clean\breathelytics\src\breathelytics-backend\temp\0a4cfcc5-3dcf-4448-9bca-34434fbf98e2.wav: InconsistentVersionWarning.__init__() takes 1 positional argument but 2 were given
Traceback (most recent call last):
  File "D:\dave-workspace\breathelytics_clean\breathelytics\src\breathelytics-backend\pipeline.py", line 66, in transform
    y, sr = librosa.load(
            ^^^^^^^^^^^^
  File "D:\dave-workspace\breathelytics_clean\breathelytics\.venv\Lib\site-packages\lazy_loader\__init__.py", line 83, in __getattr__
    attr = getattr(submod, name)
  File "D:\dave-workspace\breathelytics_clean\breathelytics\.venv\Lib\site-packages\lazy_loader\__init__.py", line 82, in __getattr__
    submod = importlib.import_module(submod_path)
  File "C:\Python313\Lib\importlib\__init__.py", line 88, in import_module
    return _bootstrap._gcd_import(name[level:], package, level)
           ~~~~~~~~~~~~~~~~~~~~~~^^^^^^^^^^^^^^^^^^^^^^^^^^^^^^
  File "<frozen importlib._bootstrap>", line 1387, in _gcd_import
  File "<frozen importlib._bootstrap>", line 1360, in _find_and_load
  File "<frozen importlib._bootstrap>", line 1331, in _find_and_load_unlocked
  File "<frozen importlib._bootstrap>", line 935, in _load_unlocked
  File "<frozen importlib._bootstrap_external>", line 1026, in exec_module
  File "<frozen importlib._bootstrap>", line 488, in _call_with_frames_removed
  File "D:\dave-workspace\breathelytics_clean\breathelytics\.venv\Lib\site-packages\librosa\core\audio.py", line 1154, in <module>
    @guvectorize(
     ~~~~~~~~~~~^
        [
        ^
    ...<5 lines>...
        nopython=True,
        ^^^^^^^^^^^^^^
    )  # type: ignore
    ^
  File "D:\dave-workspace\breathelytics_clean\breathelytics\.venv\Lib\site-packages\numba\np\ufunc\decorators.py", line 203, in wrap
    guvec.add(fty)
    ~~~~~~~~~^^^^^
  File "D:\dave-workspace\breathelytics_clean\breathelytics\.venv\Lib\site-packages\numba\np\ufunc\gufunc.py", line 137, in add
    self.gufunc_builder.add(fty)
    ~~~~~~~~~~~~~~~~~~~~~~~^^^^^
  File "D:\dave-workspace\breathelytics_clean\breathelytics\.venv\Lib\site-packages\numba\np\ufunc\ufuncbuilder.py", line 257, in add
    cres, args, return_type = _compile_element_wise_function(
                              ~~~~~~~~~~~~~~~~~~~~~~~~~~~~~~^
        self.nb_func, targetoptions, sig)
        ^^^^^^^^^^^^^^^^^^^^^^^^^^^^^^^^^
  File "D:\dave-workspace\breathelytics_clean\breathelytics\.venv\Lib\site-packages\numba\np\ufunc\ufuncbuilder.py", line 175, in _compile_element_wise_function
    cres = nb_func.compile(sig, **targetoptions)
  File "D:\dave-workspace\breathelytics_clean\breathelytics\.venv\Lib\site-packages\numba\np\ufunc\ufuncbuilder.py", line 123, in compile
    return self._compile_core(sig, flags, locals)
           ~~~~~~~~~~~~~~~~~~^^^^^^^^^^^^^^^^^^^^
  File "D:\dave-workspace\breathelytics_clean\breathelytics\.venv\Lib\site-packages\numba\np\ufunc\ufuncbuilder.py", line 156, in _compile_core
    cres = compiler.compile_extra(typingctx, targetctx,
                                  self.py_func, args=args,
                                  return_type=return_type,
                                  flags=flags, locals=locals)
  File "D:\dave-workspace\breathelytics_clean\breathelytics\.venv\Lib\site-packages\numba\core\compiler.py", line 739, in compile_extra
    return pipeline.compile_extra(func)
           ~~~~~~~~~~~~~~~~~~~~~~^^^^^^
  File "D:\dave-workspace\breathelytics_clean\breathelytics\.venv\Lib\site-packages\numba\core\compiler.py", line 439, in compile_extra
    return self._compile_bytecode()
           ~~~~~~~~~~~~~~~~~~~~~~^^
  File "D:\dave-workspace\breathelytics_clean\breathelytics\.venv\Lib\site-packages\numba\core\compiler.py", line 505, in _compile_bytecode
    return self._compile_core()
           ~~~~~~~~~~~~~~~~~~^^
  File "D:\dave-workspace\breathelytics_clean\breathelytics\.venv\Lib\site-packages\numba\core\compiler.py", line 481, in _compile_core
    raise e
  File "D:\dave-workspace\breathelytics_clean\breathelytics\.venv\Lib\site-packages\numba\core\compiler.py", line 473, in _compile_core
    pm.run(self.state)
    ~~~~~~^^^^^^^^^^^^
  File "D:\dave-workspace\breathelytics_clean\breathelytics\.venv\Lib\site-packages\numba\core\compiler_machinery.py", line 363, in run
    raise e
  File "D:\dave-workspace\breathelytics_clean\breathelytics\.venv\Lib\site-packages\numba\core\compiler_machinery.py", line 356, in run
    self._runPass(idx, pass_inst, state)
    ~~~~~~~~~~~~~^^^^^^^^^^^^^^^^^^^^^^^
  File "D:\dave-workspace\breathelytics_clean\breathelytics\.venv\Lib\site-packages\numba\core\compiler_lock.py", line 35, in _acquire_compile_lock
    return func(*args, **kwargs)
  File "D:\dave-workspace\breathelytics_clean\breathelytics\.venv\Lib\site-packages\numba\core\compiler_machinery.py", line 311, in _runPass
    mutated |= check(pss.run_pass, internal_state)
               ~~~~~^^^^^^^^^^^^^^^^^^^^^^^^^^^^^^
  File "D:\dave-workspace\breathelytics_clean\breathelytics\.venv\Lib\site-packages\numba\core\compiler_machinery.py", line 272, in check
    mangled = func(compiler_state)
  File "D:\dave-workspace\breathelytics_clean\breathelytics\.venv\Lib\site-packages\numba\core\typed_passes.py", line 112, in run_pass
    typemap, return_type, calltypes, errs = type_inference_stage(
                                            ~~~~~~~~~~~~~~~~~~~~^
        state.typingctx,
        ^^^^^^^^^^^^^^^^
    ...<4 lines>...
        state.locals,
        ^^^^^^^^^^^^^
        raise_errors=self._raise_errors)
        ^^^^^^^^^^^^^^^^^^^^^^^^^^^^^^^^
  File "D:\dave-workspace\breathelytics_clean\breathelytics\.venv\Lib\site-packages\numba\core\typed_passes.py", line 93, in type_inference_stage
    errs = infer.propagate(raise_errors=raise_errors)
  File "D:\dave-workspace\breathelytics_clean\breathelytics\.venv\Lib\site-packages\numba\core\typeinfer.py", line 1066, in propagate
    errors = self.constraints.propagate(self)
  File "D:\dave-workspace\breathelytics_clean\breathelytics\.venv\Lib\site-packages\numba\core\typeinfer.py", line 160, in propagate
    constraint(typeinfer)
    ~~~~~~~~~~^^^^^^^^^^^
  File "D:\dave-workspace\breathelytics_clean\breathelytics\.venv\Lib\site-packages\numba\core\typeinfer.py", line 566, in __call__
    self.resolve(typeinfer, typevars, fnty)
    ~~~~~~~~~~~~^^^^^^^^^^^^^^^^^^^^^^^^^^^
  File "D:\dave-workspace\breathelytics_clean\breathelytics\.venv\Lib\site-packages\numba\core\typeinfer.py", line 589, in resolve
    sig = typeinfer.resolve_call(fnty, pos_args, kw_args)
  File "D:\dave-workspace\breathelytics_clean\breathelytics\.venv\Lib\site-packages\numba\core\typeinfer.py", line 1560, in resolve_call
    return self.context.resolve_function_type(fnty, pos_args, kw_args)
           ~~~~~~~~~~~~~~~~~~~~~~~~~~~~~~~~~~^^^^^^^^^^^^^^^^^^^^^^^^^
  File "D:\dave-workspace\breathelytics_clean\breathelytics\.venv\Lib\site-packages\numba\core\typing\context.py", line 195, in resolve_function_type
    res = self._resolve_user_function_type(func, args, kws)
  File "D:\dave-workspace\breathelytics_clean\breathelytics\.venv\Lib\site-packages\numba\core\typing\context.py", line 247, in _resolve_user_function_type
    return func.get_call_type(self, args, kws)
           ~~~~~~~~~~~~~~~~~~^^^^^^^^^^^^^^^^^
  File "D:\dave-workspace\breathelytics_clean\breathelytics\.venv\Lib\site-packages\numba\core\types\functions.py", line 311, in get_call_type
    raise e
  File "D:\dave-workspace\breathelytics_clean\breathelytics\.venv\Lib\site-packages\numba\core\types\functions.py", line 308, in get_call_type
    sig = temp.apply(nolitargs, nolitkws)
  File "D:\dave-workspace\breathelytics_clean\breathelytics\.venv\Lib\site-packages\numba\core\typing\templates.py", line 358, in apply
    sig = generic(args, kws)
  File "D:\dave-workspace\breathelytics_clean\breathelytics\.venv\Lib\site-packages\numba\stencils\stencil.py", line 402, in _type_me
    (real_ret, typemap, calltypes) = self.get_return_type(argtys)
                                     ~~~~~~~~~~~~~~~~~~~~^^^^^^^^
  File "D:\dave-workspace\breathelytics_clean\breathelytics\.venv\Lib\site-packages\numba\stencils\stencil.py", line 341, in get_return_type
    typemap, return_type, calltypes, _ = typed_passes.type_inference_stage(
                                         ~~~~~~~~~~~~~~~~~~~~~~~~~~~~~~~~~^
            self._typingctx,
            ^^^^^^^^^^^^^^^^
    ...<3 lines>...
            None,
            ^^^^^
            {})
            ^^^
  File "D:\dave-workspace\breathelytics_clean\breathelytics\.venv\Lib\site-packages\numba\core\typed_passes.py", line 93, in type_inference_stage
    errs = infer.propagate(raise_errors=raise_errors)
  File "D:\dave-workspace\breathelytics_clean\breathelytics\.venv\Lib\site-packages\numba\core\typeinfer.py", line 1066, in propagate
    errors = self.constraints.propagate(self)
  File "D:\dave-workspace\breathelytics_clean\breathelytics\.venv\Lib\site-packages\numba\core\typeinfer.py", line 157, in propagate
    with typeinfer.warnings.catch_warnings(filename=loc.filename,
         ~~~~~~~~~~~~~~~~~~~~~~~~~~~~~~~~~^^^^^^^^^^^^^^^^^^^^^^^
                                           lineno=loc.line):
                                           ^^^^^^^^^^^^^^^^
  File "C:\Python313\Lib\contextlib.py", line 148, in __exit__
    next(self.gen)
    ~~~~^^^^^^^^^^
  File "D:\dave-workspace\breathelytics_clean\breathelytics\.venv\Lib\site-packages\numba\core\errors.py", line 506, in catch_warnings
    warnings.warn_explicit(msg, w.category,
    ~~~~~~~~~~~~~~~~~~~~~~^^^^^^^^^^^^^^^^^
                           w.filename, w.lineno)
                           ^^^^^^^^^^^^^^^^^^^^^
TypeError: InconsistentVersionWarning.__init__() takes 1 positional argument but 2 were given

During handling of the above exception, another exception occurred:

Traceback (most recent call last):
  File "D:\dave-workspace\breathelytics_clean\breathelytics\src\breathelytics-backend\pipeline.py", line 338, in predict_respiratory_condition
    features_df = preprocessing_pipeline.transform([wav_file_path])
  File "D:\dave-workspace\breathelytics_clean\breathelytics\.venv\Lib\site-packages\sklearn\pipeline.py", line 1092, in transform
    Xt = transform.transform(Xt, **routed_params[name].transform)
  File "D:\dave-workspace\breathelytics_clean\breathelytics\.venv\Lib\site-packages\sklearn\utils\_set_output.py", line 319, in wrapped
    data_to_wrap = f(self, X, *args, **kwargs)
  File "D:\dave-workspace\breathelytics_clean\breathelytics\src\breathelytics-backend\pipeline.py", line 83, in transform
    raise ValueError(f"Cannot load audio file {file_path}: {str(e)}")
ValueError: Cannot load audio file D:\dave-workspace\breathelytics_clean\breathelytics\src\breathelytics-backend\temp\0a4cfcc5-3dcf-4448-9bca-34434fbf98e2.wav: InconsistentVersionWarning.__init__() takes 1 positional argument but 2 were given

During handling of the above exception, another exception occurred:

Traceback (most recent call last):
  File "D:\dave-workspace\breathelytics_clean\breathelytics\src\breathelytics-backend\app.py", line 138, in predict_respiratory_disease
    prediction_result = predict_respiratory_condition(temp_file_path, model_path)
  File "D:\dave-workspace\breathelytics_clean\breathelytics\src\breathelytics-backend\pipeline.py", line 383, in predict_respiratory_condition
    raise ValueError(f"Prediction failed: {str(e)}")
ValueError: Prediction failed: Cannot load audio file D:\dave-workspace\breathelytics_clean\breathelytics\src\breathelytics-backend\temp\0a4cfcc5-3dcf-4448-9bca-34434fbf98e2.wav: InconsistentVersionWarning.__init__() takes 1 positional argument but 2 were given
2025-05-31 22:39:47,141 - breathelytics - INFO - Created respiratory pipeline with 4 steps
2025-05-31 22:39:47,153 - breathelytics - INFO - Processing audio file: D:\dave-workspace\breathelytics_clean\breathelytics\src\breathelytics-backend\temp\c5020476-4323-4b4d-9c8d-51f0c787c6d3.wav
2025-05-31 22:40:05,172 - breathelytics - INFO - Saved uploaded file to: D:\dave-workspace\breathelytics_clean\breathelytics\src\breathelytics-backend\temp\50c16193-a645-4190-bbf2-596f4da62026.wav
2025-05-31 22:40:05,173 - breathelytics - INFO - Starting prediction process...
2025-05-31 22:40:05,173 - breathelytics - INFO - Loading model from: D:\dave-workspace\breathelytics_clean\breathelytics\src\breathelytics-backend\respiratory_classifier.pkl
2025-05-31 22:40:05,235 - breathelytics - INFO - Created respiratory pipeline with 4 steps
2025-05-31 22:40:05,236 - breathelytics - INFO - Processing audio file: D:\dave-workspace\breathelytics_clean\breathelytics\src\breathelytics-backend\temp\50c16193-a645-4190-bbf2-596f4da62026.wav
2025-05-31 22:40:05,712 - breathelytics - INFO - Feature statistics calculated. Shape: (1, 30)
2025-05-31 22:40:05,713 - breathelytics - INFO - Feature statistics calculated. Shape: (1, 30)
2025-05-31 22:40:05,971 - breathelytics - INFO - Prediction completed: COPD (confidence: 91.74%) in 18.91s
2025-05-31 22:40:05,972 - breathelytics - INFO - Prediction completed: Pneumonia (confidence: 29.70%) in 0.80s
2025-05-31 22:40:05,975 - breathelytics - INFO - Prediction completed: COPD (confidence: 91.74%)
2025-05-31 22:40:05,977 - breathelytics - INFO - Prediction completed: Pneumonia (confidence: 29.70%)
2025-05-31 22:40:38,912 - breathelytics - INFO - Saved uploaded file to: D:\dave-workspace\breathelytics_clean\breathelytics\src\breathelytics-backend\temp\f7517dd0-ab65-4dd5-9d01-24ae8bd90037.wav
2025-05-31 22:40:38,912 - breathelytics - INFO - Starting prediction process...
2025-05-31 22:40:38,913 - breathelytics - INFO - Loading model from: D:\dave-workspace\breathelytics_clean\breathelytics\src\breathelytics-backend\respiratory_classifier.pkl
2025-05-31 22:40:38,960 - breathelytics - INFO - Created respiratory pipeline with 4 steps
2025-05-31 22:40:38,961 - breathelytics - INFO - Processing audio file: D:\dave-workspace\breathelytics_clean\breathelytics\src\breathelytics-backend\temp\f7517dd0-ab65-4dd5-9d01-24ae8bd90037.wav
2025-05-31 22:40:38,994 - breathelytics - ERROR - Feature extraction failed for f7517dd0-ab65-4dd5-9d01-24ae8bd90037.wav: Frequency band exceeds Nyquist. Reduce either fmin or n_bands.
2025-05-31 22:40:38,994 - breathelytics - ERROR - Prediction failed: Feature extraction failed for f7517dd0-ab65-4dd5-9d01-24ae8bd90037.wav: Frequency band exceeds Nyquist. Reduce either fmin or n_bands.
Traceback (most recent call last):
  File "D:\dave-workspace\breathelytics_clean\breathelytics\src\breathelytics-backend\pipeline.py", line 193, in transform
    file_features['spectral_contrast'] = librosa.feature.spectral_contrast(y=y_audio, sr=sr)
                                         ~~~~~~~~~~~~~~~~~~~~~~~~~~~~~~~~~^^^^^^^^^^^^^^^^^^
  File "D:\dave-workspace\breathelytics_clean\breathelytics\.venv\Lib\site-packages\librosa\feature\spectral.py", line 489, in spectral_contrast
    raise ParameterError(
        "Frequency band exceeds Nyquist. " "Reduce either fmin or n_bands."
    )
librosa.util.exceptions.ParameterError: Frequency band exceeds Nyquist. Reduce either fmin or n_bands.

During handling of the above exception, another exception occurred:

Traceback (most recent call last):
  File "D:\dave-workspace\breathelytics_clean\breathelytics\src\breathelytics-backend\pipeline.py", line 338, in predict_respiratory_condition
    features_df = preprocessing_pipeline.transform([wav_file_path])
  File "D:\dave-workspace\breathelytics_clean\breathelytics\.venv\Lib\site-packages\sklearn\pipeline.py", line 1092, in transform
    Xt = transform.transform(Xt, **routed_params[name].transform)
  File "D:\dave-workspace\breathelytics_clean\breathelytics\.venv\Lib\site-packages\sklearn\utils\_set_output.py", line 319, in wrapped
    data_to_wrap = f(self, X, *args, **kwargs)
  File "D:\dave-workspace\breathelytics_clean\breathelytics\src\breathelytics-backend\pipeline.py", line 208, in transform
    raise ValueError(f"Feature extraction failed for {filename}: {str(e)}")
ValueError: Feature extraction failed for f7517dd0-ab65-4dd5-9d01-24ae8bd90037.wav: Frequency band exceeds Nyquist. Reduce either fmin or n_bands.
2025-05-31 22:40:39,000 - breathelytics - ERROR - Prediction failed: Prediction failed: Feature extraction failed for f7517dd0-ab65-4dd5-9d01-24ae8bd90037.wav: Frequency band exceeds Nyquist. Reduce either fmin or n_bands.
Traceback (most recent call last):
  File "D:\dave-workspace\breathelytics_clean\breathelytics\src\breathelytics-backend\pipeline.py", line 193, in transform
    file_features['spectral_contrast'] = librosa.feature.spectral_contrast(y=y_audio, sr=sr)
                                         ~~~~~~~~~~~~~~~~~~~~~~~~~~~~~~~~~^^^^^^^^^^^^^^^^^^
  File "D:\dave-workspace\breathelytics_clean\breathelytics\.venv\Lib\site-packages\librosa\feature\spectral.py", line 489, in spectral_contrast
    raise ParameterError(
        "Frequency band exceeds Nyquist. " "Reduce either fmin or n_bands."
    )
librosa.util.exceptions.ParameterError: Frequency band exceeds Nyquist. Reduce either fmin or n_bands.

During handling of the above exception, another exception occurred:

Traceback (most recent call last):
  File "D:\dave-workspace\breathelytics_clean\breathelytics\src\breathelytics-backend\pipeline.py", line 338, in predict_respiratory_condition
    features_df = preprocessing_pipeline.transform([wav_file_path])
  File "D:\dave-workspace\breathelytics_clean\breathelytics\.venv\Lib\site-packages\sklearn\pipeline.py", line 1092, in transform
    Xt = transform.transform(Xt, **routed_params[name].transform)
  File "D:\dave-workspace\breathelytics_clean\breathelytics\.venv\Lib\site-packages\sklearn\utils\_set_output.py", line 319, in wrapped
    data_to_wrap = f(self, X, *args, **kwargs)
  File "D:\dave-workspace\breathelytics_clean\breathelytics\src\breathelytics-backend\pipeline.py", line 208, in transform
    raise ValueError(f"Feature extraction failed for {filename}: {str(e)}")
ValueError: Feature extraction failed for f7517dd0-ab65-4dd5-9d01-24ae8bd90037.wav: Frequency band exceeds Nyquist. Reduce either fmin or n_bands.

During handling of the above exception, another exception occurred:

Traceback (most recent call last):
  File "D:\dave-workspace\breathelytics_clean\breathelytics\src\breathelytics-backend\app.py", line 138, in predict_respiratory_disease
    prediction_result = predict_respiratory_condition(temp_file_path, model_path)
  File "D:\dave-workspace\breathelytics_clean\breathelytics\src\breathelytics-backend\pipeline.py", line 383, in predict_respiratory_condition
    raise ValueError(f"Prediction failed: {str(e)}")
ValueError: Prediction failed: Feature extraction failed for f7517dd0-ab65-4dd5-9d01-24ae8bd90037.wav: Frequency band exceeds Nyquist. Reduce either fmin or n_bands.
2025-05-31 22:40:45,636 - breathelytics - INFO - Saved uploaded file to: D:\dave-workspace\breathelytics_clean\breathelytics\src\breathelytics-backend\temp\333d9d89-a91a-4b37-a292-e03b9e64ed0e.wav
2025-05-31 22:40:45,637 - breathelytics - INFO - Starting prediction process...
2025-05-31 22:40:45,637 - breathelytics - INFO - Loading model from: D:\dave-workspace\breathelytics_clean\breathelytics\src\breathelytics-backend\respiratory_classifier.pkl
2025-05-31 22:40:45,671 - breathelytics - INFO - Created respiratory pipeline with 4 steps
2025-05-31 22:40:45,672 - breathelytics - INFO - Processing audio file: D:\dave-workspace\breathelytics_clean\breathelytics\src\breathelytics-backend\temp\333d9d89-a91a-4b37-a292-e03b9e64ed0e.wav
2025-05-31 22:40:45,916 - breathelytics - INFO - Feature statistics calculated. Shape: (1, 30)
2025-05-31 22:40:46,002 - breathelytics - INFO - Prediction completed: Pneumonia (confidence: 29.70%) in 0.36s
2025-05-31 22:40:46,005 - breathelytics - INFO - Prediction completed: Pneumonia (confidence: 29.70%)
2025-05-31 22:41:16,785 - breathelytics - INFO - Saved uploaded file to: D:\dave-workspace\breathelytics_clean\breathelytics\src\breathelytics-backend\temp\102ed63e-3b0a-47ff-acbd-59a61fd1b849.wav
2025-05-31 22:41:16,785 - breathelytics - INFO - Starting prediction process...
2025-05-31 22:41:16,785 - breathelytics - INFO - Loading model from: D:\dave-workspace\breathelytics_clean\breathelytics\src\breathelytics-backend\respiratory_classifier.pkl
2025-05-31 22:41:16,821 - breathelytics - INFO - Created respiratory pipeline with 4 steps
2025-05-31 22:41:16,821 - breathelytics - INFO - Processing audio file: D:\dave-workspace\breathelytics_clean\breathelytics\src\breathelytics-backend\temp\102ed63e-3b0a-47ff-acbd-59a61fd1b849.wav
2025-05-31 22:41:17,001 - breathelytics - INFO - Feature statistics calculated. Shape: (1, 30)
2025-05-31 22:41:17,085 - breathelytics - INFO - Prediction completed: Pneumonia (confidence: 29.70%) in 0.30s
2025-05-31 22:41:17,085 - breathelytics - INFO - Prediction completed: Pneumonia (confidence: 29.70%)
2025-05-31 22:41:18,223 - breathelytics - INFO - Saved uploaded file to: D:\dave-workspace\breathelytics_clean\breathelytics\src\breathelytics-backend\temp\2d4a250f-0ad5-4180-a7c7-3f9fd3c93e02.wav
2025-05-31 22:41:18,224 - breathelytics - INFO - Starting prediction process...
2025-05-31 22:41:18,224 - breathelytics - INFO - Loading model from: D:\dave-workspace\breathelytics_clean\breathelytics\src\breathelytics-backend\respiratory_classifier.pkl
2025-05-31 22:41:18,267 - breathelytics - INFO - Created respiratory pipeline with 4 steps
2025-05-31 22:41:18,268 - breathelytics - INFO - Processing audio file: D:\dave-workspace\breathelytics_clean\breathelytics\src\breathelytics-backend\temp\2d4a250f-0ad5-4180-a7c7-3f9fd3c93e02.wav
2025-05-31 22:41:18,453 - breathelytics - INFO - Feature statistics calculated. Shape: (1, 30)
2025-05-31 22:41:18,522 - breathelytics - INFO - Prediction completed: Pneumonia (confidence: 29.70%) in 0.30s
2025-05-31 22:41:18,523 - breathelytics - INFO - Prediction completed: Pneumonia (confidence: 29.70%)
2025-05-31 22:41:45,182 - breathelytics - INFO - Saved uploaded file to: D:\dave-workspace\breathelytics_clean\breathelytics\src\breathelytics-backend\temp\dd829264-b4de-4a40-b174-4c4829b8ea95.wav
2025-05-31 22:41:45,183 - breathelytics - INFO - Starting prediction process...
2025-05-31 22:41:45,183 - breathelytics - INFO - Loading model from: D:\dave-workspace\breathelytics_clean\breathelytics\src\breathelytics-backend\respiratory_classifier.pkl
2025-05-31 22:41:45,218 - breathelytics - INFO - Created respiratory pipeline with 4 steps
2025-05-31 22:41:45,218 - breathelytics - INFO - Processing audio file: D:\dave-workspace\breathelytics_clean\breathelytics\src\breathelytics-backend\temp\dd829264-b4de-4a40-b174-4c4829b8ea95.wav
2025-05-31 22:41:45,399 - breathelytics - INFO - Feature statistics calculated. Shape: (1, 30)
2025-05-31 22:41:45,489 - breathelytics - INFO - Prediction completed: Healthy (confidence: 26.26%) in 0.31s
2025-05-31 22:41:45,491 - breathelytics - INFO - Prediction completed: Healthy (confidence: 26.26%)
2025-05-31 22:41:46,615 - breathelytics - INFO - Saved uploaded file to: D:\dave-workspace\breathelytics_clean\breathelytics\src\breathelytics-backend\temp\e21aafb5-fea5-4180-976c-7c893d836f60.wav
2025-05-31 22:41:46,616 - breathelytics - INFO - Starting prediction process...
2025-05-31 22:41:46,617 - breathelytics - INFO - Loading model from: D:\dave-workspace\breathelytics_clean\breathelytics\src\breathelytics-backend\respiratory_classifier.pkl
2025-05-31 22:41:46,653 - breathelytics - INFO - Created respiratory pipeline with 4 steps
2025-05-31 22:41:46,653 - breathelytics - INFO - Processing audio file: D:\dave-workspace\breathelytics_clean\breathelytics\src\breathelytics-backend\temp\e21aafb5-fea5-4180-976c-7c893d836f60.wav
2025-05-31 22:41:46,839 - breathelytics - INFO - Feature statistics calculated. Shape: (1, 30)
2025-05-31 22:41:46,911 - breathelytics - INFO - Prediction completed: Healthy (confidence: 26.26%) in 0.29s
2025-05-31 22:41:46,912 - breathelytics - INFO - Prediction completed: Healthy (confidence: 26.26%)
2025-05-31 22:43:37,315 - breathelytics - INFO - Saved uploaded file to: D:\dave-workspace\breathelytics_clean\breathelytics\src\breathelytics-backend\temp\c89b02cb-7203-4db9-bf5f-1f8a197d45cc.wav
2025-05-31 22:43:37,316 - breathelytics - INFO - Starting prediction process...
2025-05-31 22:43:37,316 - breathelytics - INFO - Loading model from: D:\dave-workspace\breathelytics_clean\breathelytics\src\breathelytics-backend\respiratory_classifier.pkl
2025-05-31 22:43:37,371 - breathelytics - INFO - Created respiratory pipeline with 4 steps
2025-05-31 22:43:37,372 - breathelytics - INFO - Processing audio file: D:\dave-workspace\breathelytics_clean\breathelytics\src\breathelytics-backend\temp\c89b02cb-7203-4db9-bf5f-1f8a197d45cc.wav
2025-05-31 22:43:37,600 - breathelytics - INFO - Feature statistics calculated. Shape: (1, 30)
2025-05-31 22:43:37,696 - breathelytics - INFO - Prediction completed: COPD (confidence: 91.74%) in 0.38s
2025-05-31 22:43:37,697 - breathelytics - INFO - Prediction completed: COPD (confidence: 91.74%)
2025-05-31 22:43:38,523 - breathelytics - INFO - Saved uploaded file to: D:\dave-workspace\breathelytics_clean\breathelytics\src\breathelytics-backend\temp\165d58b4-cd25-4eab-9acb-e74f18a7d390.wav
2025-05-31 22:43:38,523 - breathelytics - INFO - Starting prediction process...
2025-05-31 22:43:38,524 - breathelytics - INFO - Loading model from: D:\dave-workspace\breathelytics_clean\breathelytics\src\breathelytics-backend\respiratory_classifier.pkl
2025-05-31 22:43:38,568 - breathelytics - INFO - Created respiratory pipeline with 4 steps
2025-05-31 22:43:38,569 - breathelytics - INFO - Processing audio file: D:\dave-workspace\breathelytics_clean\breathelytics\src\breathelytics-backend\temp\165d58b4-cd25-4eab-9acb-e74f18a7d390.wav
2025-05-31 22:43:38,778 - breathelytics - INFO - Feature statistics calculated. Shape: (1, 30)
2025-05-31 22:43:38,865 - breathelytics - INFO - Prediction completed: COPD (confidence: 91.74%) in 0.34s
2025-05-31 22:43:38,866 - breathelytics - INFO - Prediction completed: COPD (confidence: 91.74%)
